Archive member included to satisfy reference by file (symbol)

.\CortexM0\ARM_GCC_541\Debug\CapSense_CSD_P4_Example_WithTuner01.a(CyLib.o)
                              .\CortexM0\ARM_GCC_541\Debug\cyfitter_cfg.o (CySysClkWriteImoFreq)
.\CortexM0\ARM_GCC_541\Debug\CapSense_CSD_P4_Example_WithTuner01.a(CyLFClk.o)
                              .\CortexM0\ARM_GCC_541\Debug\main.o (CySysWdtEnable)
.\CortexM0\ARM_GCC_541\Debug\CapSense_CSD_P4_Example_WithTuner01.a(CapSense.o)
                              .\CortexM0\ARM_GCC_541\Debug\main.o (CapSense_Start)
.\CortexM0\ARM_GCC_541\Debug\CapSense_CSD_P4_Example_WithTuner01.a(CapSense_CSHL.o)
                              .\CortexM0\ARM_GCC_541\Debug\main.o (CapSense_BaseInit)
.\CortexM0\ARM_GCC_541\Debug\CapSense_CSD_P4_Example_WithTuner01.a(CapSense_INT.o)
                              .\CortexM0\ARM_GCC_541\Debug\CapSense_CSD_P4_Example_WithTuner01.a(CapSense.o) (CapSense_ISR)
.\CortexM0\ARM_GCC_541\Debug\CapSense_CSD_P4_Example_WithTuner01.a(CapSense_SenseClk.o)
                              .\CortexM0\ARM_GCC_541\Debug\CapSense_CSD_P4_Example_WithTuner01.a(CapSense.o) (CapSense_SenseClk_StartEx)
.\CortexM0\ARM_GCC_541\Debug\CapSense_CSD_P4_Example_WithTuner01.a(CapSense_SampleClk.o)
                              .\CortexM0\ARM_GCC_541\Debug\CapSense_CSD_P4_Example_WithTuner01.a(CapSense.o) (CapSense_SampleClk_StartEx)
.\CortexM0\ARM_GCC_541\Debug\CapSense_CSD_P4_Example_WithTuner01.a(isr_WDT.o)
                              .\CortexM0\ARM_GCC_541\Debug\main.o (isr_WDT_StartEx)
.\CortexM0\ARM_GCC_541\Debug\CapSense_CSD_P4_Example_WithTuner01.a(hawkeye_clk.o)
                              .\CortexM0\ARM_GCC_541\Debug\main.o (hawkeye_clk_Write)
.\CortexM0\ARM_GCC_541\Debug\CapSense_CSD_P4_Example_WithTuner01.a(hawkeye_data.o)
                              .\CortexM0\ARM_GCC_541\Debug\main.o (hawkeye_data_Write)
.\CortexM0\ARM_GCC_541\Debug\CapSense_CSD_P4_Example_WithTuner01.a(Timer_1.o)
                              .\CortexM0\ARM_GCC_541\Debug\main.o (Timer_1_Start)
.\CortexM0\ARM_GCC_541\Debug\CapSense_CSD_P4_Example_WithTuner01.a(Clock_1.o)
                              .\CortexM0\ARM_GCC_541\Debug\main.o (Clock_1_StartEx)
.\CortexM0\ARM_GCC_541\Debug\CapSense_CSD_P4_Example_WithTuner01.a(TC_CC_ISR.o)
                              .\CortexM0\ARM_GCC_541\Debug\main.o (TC_CC_ISR_StartEx)
.\CortexM0\ARM_GCC_541\Debug\CapSense_CSD_P4_Example_WithTuner01.a(UnUsedPin_18.o)
                              .\CortexM0\ARM_GCC_541\Debug\main.o (UnUsedPin_18_Write)
.\CortexM0\ARM_GCC_541\Debug\CapSense_CSD_P4_Example_WithTuner01.a(UnUsedPin_10.o)
                              .\CortexM0\ARM_GCC_541\Debug\main.o (UnUsedPin_10_Write)
.\CortexM0\ARM_GCC_541\Debug\CapSense_CSD_P4_Example_WithTuner01.a(UnUsedPin_9.o)
                              .\CortexM0\ARM_GCC_541\Debug\main.o (UnUsedPin_9_Write)
.\CortexM0\ARM_GCC_541\Debug\CapSense_CSD_P4_Example_WithTuner01.a(UnUsedPin_16.o)
                              .\CortexM0\ARM_GCC_541\Debug\main.o (UnUsedPin_16_Write)
.\CortexM0\ARM_GCC_541\Debug\CapSense_CSD_P4_Example_WithTuner01.a(UnUsedPin_14.o)
                              .\CortexM0\ARM_GCC_541\Debug\main.o (UnUsedPin_14_Write)
.\CortexM0\ARM_GCC_541\Debug\CapSense_CSD_P4_Example_WithTuner01.a(UnUsedPin_15.o)
                              .\CortexM0\ARM_GCC_541\Debug\main.o (UnUsedPin_15_Write)
.\CortexM0\ARM_GCC_541\Debug\CapSense_CSD_P4_Example_WithTuner01.a(CyBootAsmGnu.o)
                              .\CortexM0\ARM_GCC_541\Debug\hawkeye.o (CyDelayCycles)
c:/program files (x86)/cypress/psoc creator/4.4/psoc creator/import/gnu/arm/5.4.1/bin/../lib/gcc/arm-none-eabi/5.4.1/armv6-m\libgcc.a(_udivsi3.o)
                              .\CortexM0\ARM_GCC_541\Debug\CapSense_CSD_P4_Example_WithTuner01.a(CyLib.o) (__aeabi_uidiv)
c:/program files (x86)/cypress/psoc creator/4.4/psoc creator/import/gnu/arm/5.4.1/bin/../lib/gcc/arm-none-eabi/5.4.1/armv6-m\libgcc.a(_dvmd_tls.o)
                              c:/program files (x86)/cypress/psoc creator/4.4/psoc creator/import/gnu/arm/5.4.1/bin/../lib/gcc/arm-none-eabi/5.4.1/armv6-m\libgcc.a(_udivsi3.o) (__aeabi_idiv0)
c:/program files (x86)/cypress/psoc creator/4.4/psoc creator/import/gnu/arm/5.4.1/bin/../lib/gcc/arm-none-eabi/5.4.1/../../../../arm-none-eabi/lib/armv6-m\libg_nano.a(lib_a-errno.o)
                              .\CortexM0\ARM_GCC_541\Debug\Cm0Start.o (__errno)
c:/program files (x86)/cypress/psoc creator/4.4/psoc creator/import/gnu/arm/5.4.1/bin/../lib/gcc/arm-none-eabi/5.4.1/../../../../arm-none-eabi/lib/armv6-m\libg_nano.a(lib_a-exit.o)
                              c:/program files (x86)/cypress/psoc creator/4.4/psoc creator/import/gnu/arm/5.4.1/bin/../lib/gcc/arm-none-eabi/5.4.1/../../../../arm-none-eabi/lib/armv6-m/crt0.o (exit)
c:/program files (x86)/cypress/psoc creator/4.4/psoc creator/import/gnu/arm/5.4.1/bin/../lib/gcc/arm-none-eabi/5.4.1/../../../../arm-none-eabi/lib/armv6-m\libg_nano.a(lib_a-impure.o)
[...]
Memory Configuration

Name             Origin             Length             Attributes
rom              0x00000000         0x00004000         xr
ram              0x20000000         0x00000800         xrw
*default*        0x00000000         0xffffffff

Linker script and memory map

LOAD c:/program files (x86)/cypress/psoc creator/4.4/psoc creator/import/gnu/arm/5.4.1/bin/../lib/gcc/arm-none-eabi/5.4.1/armv6-m/crti.o
LOAD c:/program files (x86)/cypress/psoc creator/4.4/psoc creator/import/gnu/arm/5.4.1/bin/../lib/gcc/arm-none-eabi/5.4.1/armv6-m/crtbegin.o
LOAD c:/program files (x86)/cypress/psoc creator/4.4/psoc creator/import/gnu/arm/5.4.1/bin/../lib/gcc/arm-none-eabi/5.4.1/../../../../arm-none-eabi/lib/armv6-m/crt0.o
START GROUP
LOAD .\CortexM0\ARM_GCC_541\Debug\main.o
LOAD .\CortexM0\ARM_GCC_541\Debug\hawkeye.o
LOAD .\CortexM0\ARM_GCC_541\Debug\cyfitter_cfg.o
LOAD .\CortexM0\ARM_GCC_541\Debug\cymetadata.o
LOAD .\CortexM0\ARM_GCC_541\Debug\Cm0Start.o
LOAD .\CortexM0\ARM_GCC_541\Debug\CapSense_CSD_P4_Example_WithTuner01.a
LOAD C:\Program Files (x86)\Cypress\PSoC Creator\4.4\PSoC Creator\psoc\content\CyComponentLibrary\CyComponentLibrary.cylib\CapSense_CSD_P4_v2_60\PSoC4\Library\CapsenseP4Library_GCC.a
Address of section .EEPROMDATA set to 0x3fc0
END GROUP
START GROUP
LOAD c:/program files (x86)/cypress/psoc creator/4.4/psoc creator/import/gnu/arm/5.4.1/bin/../lib/gcc/arm-none-eabi/5.4.1/armv6-m\libgcc.a
LOAD c:/program files (x86)/cypress/psoc creator/4.4/psoc creator/import/gnu/arm/5.4.1/bin/../lib/gcc/arm-none-eabi/5.4.1/../../../../arm-none-eabi/lib/armv6-m\libg_nano.a
LOAD c:/program files (x86)/cypress/psoc creator/4.4/psoc creator/import/gnu/arm/5.4.1/bin/../lib/gcc/arm-none-eabi/5.4.1/../../../../arm-none-eabi/lib/armv6-m\libc_nano.a
END GROUP
START GROUP
LOAD c:/program files (x86)/cypress/psoc creator/4.4/psoc creator/import/gnu/arm/5.4.1/bin/../lib/gcc/arm-none-eabi/5.4.1/armv6-m\libgcc.a
LOAD c:/program files (x86)/cypress/psoc creator/4.4/psoc creator/import/gnu/arm/5.4.1/bin/../lib/gcc/arm-none-eabi/5.4.1/../../../../arm-none-eabi/lib/armv6-m\libc_nano.a
END GROUP
LOAD c:/program files (x86)/cypress/psoc creator/4.4/psoc creator/import/gnu/arm/5.4.1/bin/../lib/gcc/arm-none-eabi/5.4.1/armv6-m/crtend.o
LOAD c:/program files (x86)/cypress/psoc creator/4.4/psoc creator/import/gnu/arm/5.4.1/bin/../lib/gcc/arm-none-eabi/5.4.1/armv6-m/crtn.o
START GROUP
LOAD c:/program files (x86)/cypress/psoc creator/4.4/psoc creator/import/gnu/arm/5.4.1/bin/../lib/gcc/arm-none-eabi/5.4.1/armv6-m\libgcc.a
LOAD c:/program files (x86)/cypress/psoc creator/4.4/psoc creator/import/gnu/arm/5.4.1/bin/../lib/gcc/arm-none-eabi/5.4.1/../../../../arm-none-eabi/lib/armv6-m\libc.a
LOAD c:/program files (x86)/cypress/psoc creator/4.4/psoc creator/import/gnu/arm/5.4.1/bin/../lib/gcc/arm-none-eabi/5.4.1/../../../../arm-none-eabi/lib/armv6-m\libnosys.a
END GROUP
                0x00000000                CY_APPL_ORIGIN = 0x0
                0x00000040                CY_FLASH_ROW_SIZE = 0x40
                0x00000001                CY_APPL_NUM = 0x1
                0x00000001                CY_APPL_MAX = 0x1
                0x00000040                CY_METADATA_SIZE = 0x40
                0x00000000                CY_APPL_LOADABLE = 0x0
                0x00000000                CY_CHECKSUM_EXCLUDE_SIZE = ALIGN (0x0, CY_FLASH_ROW_SIZE)
                0x00000000                CY_APP_FOR_STACK_AND_COPIER = 0x0
                [!provide]                PROVIDE (__cy_heap_start, _end)
                0x00000001                PROVIDE (__cy_region_num, ((__cy_regions_end - __cy_regions) / 0x10))
                0x20000800                PROVIDE (__cy_stack, (ORIGIN (ram) + LENGTH (ram)))
                [!provide]                PROVIDE (__cy_heap_end, (__cy_stack - 0x200))

.cybootloader   0x00000000        0x0
 *(.cybootloader)
                0x00000000                appl1_start = CY_APPL_ORIGIN?CY_APPL_ORIGIN:ALIGN (CY_FLASH_ROW_SIZE)
                0x00001fc0                appl2_start = (appl1_start + ALIGN ((((LENGTH (rom) - appl1_start) - (0x2 * CY_FLASH_ROW_SIZE)) / 0x2), CY_FLASH_ROW_SIZE))
                0x00000000                appl_start = (CY_APPL_NUM == 0x1)?appl1_start:appl2_start
                0x00000001                cy_project_type_bootloader = (appl_start == 0x0)?0x1:0x0
                0x00000000                cy_project_type_app_for_stack_and_copier = (CY_APP_FOR_STACK_AND_COPIER == 0x1)?0x1:0x0

.text           0x00000000     0x11dc
 CREATE_OBJECT_SYMBOLS
                0x00000000                PROVIDE (__cy_interrupt_vector, RomVectors)
 *(.romvectors)
 .romvectors    0x00000000       0x10 .\CortexM0\ARM_GCC_541\Debug\Cm0Start.o
                0x00000000                RomVectors
                0x00000001                ASSERT ((. != __cy_interrupt_vector), No interrupt vector)
                0x00000001                ASSERT (CY_APPL_ORIGIN?(SIZEOF (.cybootloader) <= CY_APPL_ORIGIN):0x1, Wrong image location)
                0x00000010                PROVIDE (__cy_reset, Reset)
 *(.text.Reset)
 .text.Reset    0x00000010        0xc .\CortexM0\ARM_GCC_541\Debug\Cm0Start.o
                0x00000010                Reset
                0x00000001                ASSERT ((. != __cy_reset), No reset code)
 *(.psocinit)
 .psocinit      0x0000001c       0xd8 .\CortexM0\ARM_GCC_541\Debug\cyfitter_cfg.o
                0x0000001c                cyfitter_cfg
                0x00000100                . = MAX (., 0x100)
 *fill*         0x000000f4        0xc 
 *(.text .text.* .gnu.linkonce.t.*)
 .text          0x00000100       0x60 c:/program files (x86)/cypress/psoc creator/4.4/psoc creator/import/gnu/arm/5.4.1/bin/../lib/gcc/arm-none-eabi/5.4.1/armv6-m/crtbegin.o
 .text.InterruptHandler
                0x00000160       0x14 .\CortexM0\ARM_GCC_541\Debug\main.o
                0x00000160                InterruptHandler
 .text.FirstSensingData
                0x00000174       0x30 .\CortexM0\ARM_GCC_541\Debug\main.o
                0x00000174                FirstSensingData
 .text.CapSense_UpdateBaselineNoThreshold_Filter
                0x000001a4       0xfc .\CortexM0\ARM_GCC_541\Debug\main.o
                0x000001a4                CapSense_UpdateBaselineNoThreshold_Filter
 .text.startup.main
                0x000002a0      0x19c .\CortexM0\ARM_GCC_541\Debug\main.o
                0x000002a0                main
 .text.report_debug_data
                0x0000043c      0x244 .\CortexM0\ARM_GCC_541\Debug\hawkeye.o
                0x0000043c                report_debug_data
 .text.IntDefaultHandler
                0x00000680       0x10 .\CortexM0\ARM_GCC_541\Debug\Cm0Start.o
                0x00000680                IntDefaultHandler
 .text.Start_c  0x00000690       0x4c .\CortexM0\ARM_GCC_541\Debug\Cm0Start.o
                0x00000690                Start_c
 .text.startup.initialize_psoc
                0x000006dc       0x54 .\CortexM0\ARM_GCC_541\Debug\Cm0Start.o
                0x000006dc                initialize_psoc
 .text.CySysClkWriteImoFreq
                0x00000730       0xa4 .\CortexM0\ARM_GCC_541\Debug\CapSense_CSD_P4_Example_WithTuner01.a(CyLib.o)
                0x00000730                CySysClkWriteImoFreq
 .text.CyIntSetVector
                0x000007d4       0x18 .\CortexM0\ARM_GCC_541\Debug\CapSense_CSD_P4_Example_WithTuner01.a(CyLib.o)
                0x000007d4                CyIntSetVector
 .text.CyIntSetPriority
                0x000007ec       0x44 .\CortexM0\ARM_GCC_541\Debug\CapSense_CSD_P4_Example_WithTuner01.a(CyLib.o)
                0x000007ec                CyIntSetPriority
 .text.CyIntEnable
                0x00000830       0x14 .\CortexM0\ARM_GCC_541\Debug\CapSense_CSD_P4_Example_WithTuner01.a(CyLib.o)
                0x00000830                CyIntEnable
 .text.CyIntDisable
                0x00000844       0x14 .\CortexM0\ARM_GCC_541\Debug\CapSense_CSD_P4_Example_WithTuner01.a(CyLib.o)
                0x00000844                CyIntDisable
 .text.CyDelay  0x00000858       0x48 .\CortexM0\ARM_GCC_541\Debug\CapSense_CSD_P4_Example_WithTuner01.a(CyLib.o)
                0x00000858                CyDelay
 .text.CySysWdtDisable
                0x000008a0       0x10 .\CortexM0\ARM_GCC_541\Debug\CapSense_CSD_P4_Example_WithTuner01.a(CyLFClk.o)
                0x000008a0                CySysWdtDisable
 .text.CapSense_Start
                0x000008b0      0x184 .\CortexM0\ARM_GCC_541\Debug\CapSense_CSD_P4_Example_WithTuner01.a(CapSense.o)
                0x000008b0                CapSense_Start
 .text.CapSense_FindNextSensor
                0x00000a34       0x28 .\CortexM0\ARM_GCC_541\Debug\CapSense_CSD_P4_Example_WithTuner01.a(CapSense.o)
                0x00000a34                CapSense_FindNextSensor
 .text.CapSense_IsBusy
                0x00000a5c       0x10 .\CortexM0\ARM_GCC_541\Debug\CapSense_CSD_P4_Example_WithTuner01.a(CapSense.o)
                0x00000a5c                CapSense_IsBusy
 .text.CapSense_PreScan
                0x00000a6c      0x134 .\CortexM0\ARM_GCC_541\Debug\CapSense_CSD_P4_Example_WithTuner01.a(CapSense.o)
                0x00000a6c                CapSense_PreScan
 .text.CapSense_ScanSensor
                0x00000ba0       0x1c .\CortexM0\ARM_GCC_541\Debug\CapSense_CSD_P4_Example_WithTuner01.a(CapSense.o)
                0x00000ba0                CapSense_ScanSensor
 .text.CapSense_ScanEnabledWidgets
                0x00000bbc       0x50 .\CortexM0\ARM_GCC_541\Debug\CapSense_CSD_P4_Example_WithTuner01.a(CapSense.o)
                0x00000bbc                CapSense_ScanEnabledWidgets
 .text.CapSense_PostScan
                0x00000c0c       0xc0 .\CortexM0\ARM_GCC_541\Debug\CapSense_CSD_P4_Example_WithTuner01.a(CapSense.o)
                0x00000c0c                CapSense_PostScan
 .text.CapSense_GetBitValue
                0x00000ccc       0x18 .\CortexM0\ARM_GCC_541\Debug\CapSense_CSD_P4_Example_WithTuner01.a(CapSense.o)
                0x00000ccc                CapSense_GetBitValue
 .text.CapSense_SetBitValue
                0x00000ce4       0x24 .\CortexM0\ARM_GCC_541\Debug\CapSense_CSD_P4_Example_WithTuner01.a(CapSense.o)
                0x00000ce4                CapSense_SetBitValue
 .text.CapSense_BaseInit
                0x00000d08       0x40 .\CortexM0\ARM_GCC_541\Debug\CapSense_CSD_P4_Example_WithTuner01.a(CapSense_CSHL.o)
                0x00000d08                CapSense_BaseInit
 .text.CapSense_CheckIsAnyWidgetActive
                0x00000d48      0x100 .\CortexM0\ARM_GCC_541\Debug\CapSense_CSD_P4_Example_WithTuner01.a(CapSense_CSHL.o)
                0x00000d48                CapSense_CheckIsAnyWidgetActive
 .text.CapSense_IIR4Filter
                0x00000e48        0xc .\CortexM0\ARM_GCC_541\Debug\CapSense_CSD_P4_Example_WithTuner01.a(CapSense_CSHL.o)
                0x00000e48                CapSense_IIR4Filter
 .text.CapSense_ISR
                0x00000e54       0x7c .\CortexM0\ARM_GCC_541\Debug\CapSense_CSD_P4_Example_WithTuner01.a(CapSense_INT.o)
                0x00000e54                CapSense_ISR
 .text.CapSense_SenseClk_StartEx
                0x00000ed0       0x1c .\CortexM0\ARM_GCC_541\Debug\CapSense_CSD_P4_Example_WithTuner01.a(CapSense_SenseClk.o)
                0x00000ed0                CapSense_SenseClk_StartEx
 .text.CapSense_SenseClk_Stop
                0x00000eec       0x18 .\CortexM0\ARM_GCC_541\Debug\CapSense_CSD_P4_Example_WithTuner01.a(CapSense_SenseClk.o)
                0x00000eec                CapSense_SenseClk_Stop
 .text.CapSense_SenseClk_SetFractionalDividerRegister
                0x00000f04       0x20 .\CortexM0\ARM_GCC_541\Debug\CapSense_CSD_P4_Example_WithTuner01.a(CapSense_SenseClk.o)
                0x00000f04                CapSense_SenseClk_SetFractionalDividerRegister
 .text.CapSense_SampleClk_StartEx
                0x00000f24       0x1c .\CortexM0\ARM_GCC_541\Debug\CapSense_CSD_P4_Example_WithTuner01.a(CapSense_SampleClk.o)
                0x00000f24                CapSense_SampleClk_StartEx
 .text.CapSense_SampleClk_Stop
                0x00000f40       0x18 .\CortexM0\ARM_GCC_541\Debug\CapSense_CSD_P4_Example_WithTuner01.a(CapSense_SampleClk.o)
                0x00000f40                CapSense_SampleClk_Stop
 .text.CapSense_SampleClk_SetFractionalDividerRegister
                0x00000f58       0x20 .\CortexM0\ARM_GCC_541\Debug\CapSense_CSD_P4_Example_WithTuner01.a(CapSense_SampleClk.o)
                0x00000f58                CapSense_SampleClk_SetFractionalDividerRegister
 .text.hawkeye_clk_Write
                0x00000f78       0x1c .\CortexM0\ARM_GCC_541\Debug\CapSense_CSD_P4_Example_WithTuner01.a(hawkeye_clk.o)
                0x00000f78                hawkeye_clk_Write
 .text.hawkeye_data_Write
                0x00000f94       0x18 .\CortexM0\ARM_GCC_541\Debug\CapSense_CSD_P4_Example_WithTuner01.a(hawkeye_data.o)
                0x00000f94                hawkeye_data_Write
 .text.Timer_1_Start
                0x00000fac       0xa0 .\CortexM0\ARM_GCC_541\Debug\CapSense_CSD_P4_Example_WithTuner01.a(Timer_1.o)
                0x00000fac                Timer_1_Start
 .text.Timer_1_ClearInterrupt
                0x0000104c        0xc .\CortexM0\ARM_GCC_541\Debug\CapSense_CSD_P4_Example_WithTuner01.a(Timer_1.o)
                0x0000104c                Timer_1_ClearInterrupt
 .text.Clock_1_StartEx
                0x00001058       0x1c .\CortexM0\ARM_GCC_541\Debug\CapSense_CSD_P4_Example_WithTuner01.a(Clock_1.o)
                0x00001058                Clock_1_StartEx
 .text.TC_CC_ISR_StartEx
                0x00001074       0x38 .\CortexM0\ARM_GCC_541\Debug\CapSense_CSD_P4_Example_WithTuner01.a(TC_CC_ISR.o)
                0x00001074                TC_CC_ISR_StartEx
 .text.UnUsedPin_18_Write
                0x000010ac       0x1c .\CortexM0\ARM_GCC_541\Debug\CapSense_CSD_P4_Example_WithTuner01.a(UnUsedPin_18.o)
                0x000010ac                UnUsedPin_18_Write
 .text.UnUsedPin_10_Write
                0x000010c8       0x1c .\CortexM0\ARM_GCC_541\Debug\CapSense_CSD_P4_Example_WithTuner01.a(UnUsedPin_10.o)
                0x000010c8                UnUsedPin_10_Write
 .text.UnUsedPin_9_Write
                0x000010e4       0x1c .\CortexM0\ARM_GCC_541\Debug\CapSense_CSD_P4_Example_WithTuner01.a(UnUsedPin_9.o)
                0x000010e4                UnUsedPin_9_Write
 .text.UnUsedPin_16_Write
                0x00001100       0x1c .\CortexM0\ARM_GCC_541\Debug\CapSense_CSD_P4_Example_WithTuner01.a(UnUsedPin_16.o)
                0x00001100                UnUsedPin_16_Write
 .text.UnUsedPin_14_Write
                0x0000111c       0x18 .\CortexM0\ARM_GCC_541\Debug\CapSense_CSD_P4_Example_WithTuner01.a(UnUsedPin_14.o)
                0x0000111c                UnUsedPin_14_Write
 .text.UnUsedPin_15_Write
                0x00001134       0x1c .\CortexM0\ARM_GCC_541\Debug\CapSense_CSD_P4_Example_WithTuner01.a(UnUsedPin_15.o)
                0x00001134                UnUsedPin_15_Write
 .text          0x00001150       0x24 .\CortexM0\ARM_GCC_541\Debug\CapSense_CSD_P4_Example_WithTuner01.a(CyBootAsmGnu.o)
                0x00001150                CyDelayCycles
                0x00001164                CyEnterCriticalSection
                0x0000116c                CyExitCriticalSection
 .text.__errno  0x00001174        0xc c:/program files (x86)/cypress/psoc creator/4.4/psoc creator/import/gnu/arm/5.4.1/bin/../lib/gcc/arm-none-eabi/5.4.1/../../../../arm-none-eabi/lib/armv6-m\libg_nano.a(lib_a-errno.o)
                0x00001174                __errno
 .text.__libc_init_array
                0x00001180       0x4c c:/program files (x86)/cypress/psoc creator/4.4/psoc creator/import/gnu/arm/5.4.1/bin/../lib/gcc/arm-none-eabi/5.4.1/../../../../arm-none-eabi/lib/armv6-m\libg_nano.a(lib_a-init.o)
                0x00001180                __libc_init_array
 .text.memset   0x000011cc       0x10 c:/program files (x86)/cypress/psoc creator/4.4/psoc creator/import/gnu/arm/5.4.1/bin/../lib/gcc/arm-none-eabi/5.4.1/../../../../arm-none-eabi/lib/armv6-m\libg_nano.a(lib_a-memset.o)
                0x000011cc                memset
 *(.plt)
 *(.gnu.warning)
 *(.glue_7t)
 .glue_7t       0x000011dc        0x0 linker stubs
 *(.glue_7)
 .glue_7        0x000011dc        0x0 linker stubs
 *(.vfp11_veneer)
 .vfp11_veneer  0x000011dc        0x0 linker stubs
 *(.bootloader)
 *(.ARM.extab* .gnu.linkonce.armextab.*)
 *(.gcc_except_table)

.v4_bx          0x000011dc        0x0
 .v4_bx         0x000011dc        0x0 linker stubs

.iplt           0x000011dc        0x0
 .iplt          0x000011dc        0x0 c:/program files (x86)/cypress/psoc creator/4.4/psoc creator/import/gnu/arm/5.4.1/bin/../lib/gcc/arm-none-eabi/5.4.1/armv6-m/crtbegin.o

.eh_frame_hdr
 *(.eh_frame_hdr)

.eh_frame       0x000011dc        0x4
 *(.eh_frame)
 .eh_frame      0x000011dc        0x0 c:/program files (x86)/cypress/psoc creator/4.4/psoc creator/import/gnu/arm/5.4.1/bin/../lib/gcc/arm-none-eabi/5.4.1/armv6-m/crtbegin.o
 .eh_frame      0x000011dc        0x4 c:/program files (x86)/cypress/psoc creator/4.4/psoc creator/import/gnu/arm/5.4.1/bin/../lib/gcc/arm-none-eabi/5.4.1/armv6-m/crtend.o
                [!provide]                PROVIDE (__exidx_start, .)

.ARM.exidx
 *(.ARM.exidx* .gnu.linkonce.armexidx.*)
                0x000011e0                __exidx_end = .

.rodata         0x000011e0       0xa8
 *(.rodata .rodata.* .gnu.linkonce.r.*)
 .rodata        0x000011e0       0x60 .\CortexM0\ARM_GCC_541\Debug\CapSense_CSD_P4_Example_WithTuner01.a(CapSense.o)
                0x000011e0                CapSense_pinShiftTbl
                0x000011e8                CapSense_portTable
                0x000011f0                CapSense_prtSelTbl
                0x00001200                CapSense_prtCfgTbl
                0x00001210                CapSense_prtDRTbl
                0x00001220                CapSense_widgetNumber
                0x00001228                CapSense_maskTable
 .rodata        0x00001240        0xe .\CortexM0\ARM_GCC_541\Debug\CapSense_CSD_P4_Example_WithTuner01.a(CapSense_CSHL.o)
                0x00001240                CapSense_rawDataIndex
                0x00001248                CapSense_numberOfSensors
 .rodata.str1.1
                0x0000124e        0x2 c:/program files (x86)/cypress/psoc creator/4.4/psoc creator/import/gnu/arm/5.4.1/bin/../lib/gcc/arm-none-eabi/5.4.1/../../../../arm-none-eabi/lib/armv6-m\libg_nano.a(lib_a-impure.o)
                0x00001250                . = ALIGN (0x4)
 *(.init)
 .init          0x00001250        0x4 c:/program files (x86)/cypress/psoc creator/4.4/psoc creator/import/gnu/arm/5.4.1/bin/../lib/gcc/arm-none-eabi/5.4.1/armv6-m/crti.o
                0x00001250                _init
 .init          0x00001254        0x8 c:/program files (x86)/cypress/psoc creator/4.4/psoc creator/import/gnu/arm/5.4.1/bin/../lib/gcc/arm-none-eabi/5.4.1/armv6-m/crtn.o
                0x0000125c                . = ALIGN (0x4)
                0x0000125c                __preinit_array_start = .
 *(.preinit_array)
                0x0000125c                __preinit_array_end = .
                0x0000125c                . = ALIGN (0x4)
                0x0000125c                __init_array_start = .
 *(SORT(.init_array.*))
 *(.init_array)
 .init_array    0x0000125c        0x4 c:/program files (x86)/cypress/psoc creator/4.4/psoc creator/import/gnu/arm/5.4.1/bin/../lib/gcc/arm-none-eabi/5.4.1/armv6-m/crtbegin.o
 .init_array    0x00001260        0x4 .\CortexM0\ARM_GCC_541\Debug\Cm0Start.o
                0x00001264                __init_array_end = .
                0x00001264                . = ALIGN (0x4)
 *(.fini)
 .fini          0x00001264        0x4 c:/program files (x86)/cypress/psoc creator/4.4/psoc creator/import/gnu/arm/5.4.1/bin/../lib/gcc/arm-none-eabi/5.4.1/armv6-m/crti.o
                0x00001264                _fini
 .fini          0x00001268        0x8 c:/program files (x86)/cypress/psoc creator/4.4/psoc creator/import/gnu/arm/5.4.1/bin/../lib/gcc/arm-none-eabi/5.4.1/armv6-m/crtn.o
                0x00001270                . = ALIGN (0x4)
                0x00001270                __fini_array_start = .
 *(.fini_array)
 .fini_array    0x00001270        0x4 c:/program files (x86)/cypress/psoc creator/4.4/psoc creator/import/gnu/arm/5.4.1/bin/../lib/gcc/arm-none-eabi/5.4.1/armv6-m/crtbegin.o
 *(SORT(.fini_array.*))
                0x00001274                __fini_array_end = .
                0x00001274                . = ALIGN (0x4)
 *crtbegin.o(.ctors)
 *(EXCLUDE_FILE(*crtend.o) .ctors)
 *(SORT(.ctors.*))
 *crtend.o(.ctors)
                0x00001274                . = ALIGN (0x4)
 *crtbegin.o(.dtors)
 *(EXCLUDE_FILE(*crtend.o) .dtors)
 *(SORT(.dtors.*))
 *crtend.o(.dtors)
                0x00001274                . = ALIGN (0x4)
                0x00001274                __cy_regions = .
                0x00001274        0x4 LONG 0x1288 __cy_region_init_ram
                0x00001278        0x4 LONG 0x20000068 __cy_region_start_data
                0x0000127c        0x4 LONG 0x110 __cy_region_init_size_ram
                0x00001280        0x4 LONG 0x118 __cy_region_zero_size_ram
                0x00001284                __cy_regions_end = .
                0x00001288                . = ALIGN (0x8)
 *fill*         0x00001284        0x4 
                0x00001288                _etext = .

.cy_checksum_exclude
                0x00001288        0x0
 *(.cy_checksum_exclude)

.ramvectors     0x20000000       0x64
                0x20000000                __cy_region_start_ram = .
 *(.ramvectors)
 .ramvectors    0x20000000       0x64 .\CortexM0\ARM_GCC_541\Debug\Cm0Start.o
                0x20000000                CyRamVectors

.noinit
 *(.noinit)

.data           0x20000068      0x110 load address 0x00001288
                0x20000068                __cy_region_start_data = .
 *(.jcr)
 .jcr           0x20000068        0x0 c:/program files (x86)/cypress/psoc creator/4.4/psoc creator/import/gnu/arm/5.4.1/bin/../lib/gcc/arm-none-eabi/5.4.1/armv6-m/crtbegin.o
 .jcr           0x20000068        0x4 c:/program files (x86)/cypress/psoc creator/4.4/psoc creator/import/gnu/arm/5.4.1/bin/../lib/gcc/arm-none-eabi/5.4.1/armv6-m/crtend.o
 *(.got.plt)
 *(.got)
 *(.shdata)
 *(.data .data.* .gnu.linkonce.d.*)
 .data          0x2000006c       0x14 .\CortexM0\ARM_GCC_541\Debug\CapSense_CSD_P4_Example_WithTuner01.a(CyLib.o)
                0x2000006c                CySysClkPumpConfig
                0x20000070                cydelay32kMs
                0x20000074                cydelayFreqKhz
                0x20000078                cydelayFreqMhz
                0x2000007c                cydelayFreqHz
 .data          0x20000080       0x4c .\CortexM0\ARM_GCC_541\Debug\CapSense_CSD_P4_Example_WithTuner01.a(CapSense.o)
                0x20000080                CapSense_sensorEnableMask
                0x20000084                CapSense_widgetResolution
                0x2000009c                CapSense_sampleClkDividerVal
                0x200000a4                CapSense_senseClkDividerVal
                0x200000ac                CapSense_modulationIDAC
                0x200000b4                CapSense_pcTable
 .data          0x200000cc       0x44 .\CortexM0\ARM_GCC_541\Debug\CapSense_CSD_P4_Example_WithTuner01.a(CapSense_CSHL.o)
                0x200000cc                CapSense_debounce
                0x200000d4                CapSense_noiseThreshold
                0x200000e0                CapSense_enableRawFilters
                0x200000e4                CapSense_negativeNoiseThreshold
                0x200000f0                CapSense_lowBaselineReset
                0x200000f8                CapSense_fingerThreshold
                0x20000104                CapSense_hysteresis
 .data.impure_data
                0x20000110       0x60 c:/program files (x86)/cypress/psoc creator/4.4/psoc creator/import/gnu/arm/5.4.1/bin/../lib/gcc/arm-none-eabi/5.4.1/../../../../arm-none-eabi/lib/armv6-m\libg_nano.a(lib_a-impure.o)
 .data._impure_ptr
                0x20000170        0x4 c:/program files (x86)/cypress/psoc creator/4.4/psoc creator/import/gnu/arm/5.4.1/bin/../lib/gcc/arm-none-eabi/5.4.1/../../../../arm-none-eabi/lib/armv6-m\libg_nano.a(lib_a-impure.o)
                0x20000170                _impure_ptr
                0x20000178                . = ALIGN (0x8)
 *fill*         0x20000174        0x4 
 *(.ram)
                0x20000178                _edata = .

.igot.plt       0x20000178        0x0 load address 0x00001398
 .igot.plt      0x20000178        0x0 c:/program files (x86)/cypress/psoc creator/4.4/psoc creator/import/gnu/arm/5.4.1/bin/../lib/gcc/arm-none-eabi/5.4.1/armv6-m/crtbegin.o

.bss            0x20000178      0x118 load address 0x00001398
                0x20000178                PROVIDE (__bss_start__, .)
 *(.shbss)
 *(.bss .bss.* .gnu.linkonce.b.*)
 .bss           0x20000178       0x1c c:/program files (x86)/cypress/psoc creator/4.4/psoc creator/import/gnu/arm/5.4.1/bin/../lib/gcc/arm-none-eabi/5.4.1/armv6-m/crtbegin.o
 .bss           0x20000194        0xc .\CortexM0\ARM_GCC_541\Debug\main.o
                0x20000194                WDT_Clear_Flag
                0x20000195                SignalBit_Debug
                0x20000196                d
                0x20000198                ILODelayCycles_1
                0x2000019c                ILODelayCycles_0
 .bss           0x200001a0        0x1 .\CortexM0\ARM_GCC_541\Debug\hawkeye.o
 *fill*         0x200001a1        0x3 
 .bss           0x200001a4       0x18 .\CortexM0\ARM_GCC_541\Debug\CapSense_CSD_P4_Example_WithTuner01.a(CapSense.o)
                0x200001a5                CapSense_csdStatusVar
                0x200001a8                CapSense_sensorRaw
                0x200001b4                CapSense_compensationIDAC
                0x200001ba                CapSense_sensorIndex
                0x200001bb                CapSense_prescalersTuningDone
 .bss           0x200001bc       0x29 .\CortexM0\ARM_GCC_541\Debug\CapSense_CSD_P4_Example_WithTuner01.a(CapSense_CSHL.o)
                0x200001bc                CapSense_sensorBaseline
                0x200001c8                CapSense_sensorBaselineLow
                0x200001d0                CapSense_sensorSignal
                0x200001e4                CapSense_sensorOnMask
 .bss           0x200001e5        0x1 .\CortexM0\ARM_GCC_541\Debug\CapSense_CSD_P4_Example_WithTuner01.a(CapSense_INT.o)
 .bss           0x200001e6        0x1 .\CortexM0\ARM_GCC_541\Debug\CapSense_CSD_P4_Example_WithTuner01.a(Timer_1.o)
                0x200001e6                Timer_1_initVar
 *(COMMON)
 *fill*         0x200001e7        0x1 
 COMMON         0x200001e8       0x1e .\CortexM0\ARM_GCC_541\Debug\main.o
                0x200001e8                Sub_Buff
                0x200001f4                Capsense_FilteredRawData
                0x20000200                key_scan_count
                0x20000202                WDT_Ignore
                0x20000204                WDT_Match
 *fill*         0x20000206        0x2 
 COMMON         0x20000208       0x64 .\CortexM0\ARM_GCC_541\Debug\hawkeye.o
                0x20000208                temp
 COMMON         0x2000026c        0xe .\CortexM0\ARM_GCC_541\Debug\CapSense_CSD_P4_Example_WithTuner01.a(CapSense.o)
                0x2000026c                CapSense_csdTrim1
                0x20000270                CapSense_sensorEnableMaskBackup
                0x20000274                CapSense_unscannedSnsDriveMode
 *fill*         0x2000027a        0x2 
 COMMON         0x2000027c       0x14 .\CortexM0\ARM_GCC_541\Debug\CapSense_CSD_P4_Example_WithTuner01.a(CapSense_CSHL.o)
                0x2000027c                CapSense_lowBaselineResetCnt
                0x20000284                CapSense_rawFilterData1
                0x20000290                . = ALIGN (0x8)
 *(.ram.b)
                0x20000290                _end = .
                0x20000290                __end = .
                0x20000290                PROVIDE (end, .)
                0x20000290                PROVIDE (__bss_end__, .)
                0x00001288                __cy_region_init_ram = LOADADDR (.data)
                0x00000110                __cy_region_init_size_ram = (_edata - ADDR (.data))
                0x00000118                __cy_region_zero_size_ram = (_end - _edata)

.heap           0x20000290       0x80 load address 0x00001398
                0x20000290                . = _end
                0x20000310                . = (. + 0x80)
 *fill*         0x20000290       0x80 
                0x20000310                __cy_heap_limit = .

.stack          0x20000600      0x200
                0x20000600                __cy_stack_limit = .
                0x20000800                . = (. + 0x200)
 *fill*         0x20000600      0x200 
                0x00000001                ASSERT ((__cy_stack_limit >= __cy_heap_limit), region RAM overflowed with stack)
                0x00000000                cy_checksum_exclude_size = (CY_APPL_LOADABLE == 0x1)?SIZEOF (.cy_checksum_exclude):0x0
                0x00000001                ASSERT ((cy_checksum_exclude_size <= CY_CHECKSUM_EXCLUDE_SIZE), CY_BOOT: Section .cy_checksum_exclude size exceedes specified limit.)
                0x00003fc0                cyloadermeta_start = (cy_project_type_bootloader || cy_project_type_app_for_stack_and_copier)?(LENGTH (rom) - CY_METADATA_SIZE):0xf0000000

.cyloadermeta
 *(.cyloadermeta)
                0x00003fc0                cyloadablemeta_start = cy_project_type_app_for_stack_and_copier?((LENGTH (rom) - CY_FLASH_ROW_SIZE) - CY_METADATA_SIZE):((LENGTH (rom) - (CY_FLASH_ROW_SIZE * (CY_APPL_NUM - 0x1))) - CY_METADATA_SIZE)

.cyloadablemeta
 *(.cyloadablemeta)

.cyflashprotect
                0x90400000       0x20
 *(.cyflashprotect)
 .cyflashprotect
                0x90400000       0x20 .\CortexM0\ARM_GCC_541\Debug\cymetadata.o
                0x90400000                cy_meta_flashprotect

.cymeta         0x90500000        0xc
 *(.cymeta)
 .cymeta        0x90500000        0xc .\CortexM0\ARM_GCC_541\Debug\cymetadata.o
                0x90500000                cy_metadata

.cychipprotect  0x90600000        0x1
 *(.cychipprotect)
 .cychipprotect
                0x90600000        0x1 .\CortexM0\ARM_GCC_541\Debug\cymetadata.o
                0x90600000                cy_meta_chipprotect

.rel.dyn        0x00001398        0x0 load address 0x90600004
 .rel.iplt      0x00001398        0x0 c:/program files (x86)/cypress/psoc creator/4.4/psoc creator/import/gnu/arm/5.4.1/bin/../lib/gcc/arm-none-eabi/5.4.1/armv6-m/crtbegin.o

.stab
 *(.stab)

.stabstr
 *(.stabstr)

.debug
 *(.debug)

.line
 *(.line)

.debug_srcinfo
 *(.debug_srcinfo)

.debug_sfnames
 *(.debug_sfnames)

.debug_aranges  0x00000000      0xb48
 *(.debug_aranges)
 .debug_aranges
                0x00000000       0x98 .\CortexM0\ARM_GCC_541\Debug\main.o
 .debug_aranges
                0x00000098       0x20 .\CortexM0\ARM_GCC_541\Debug\hawkeye.o
 .debug_aranges
                0x000000b8       0x28 .\CortexM0\ARM_GCC_541\Debug\cyfitter_cfg.o
 .debug_aranges
                0x000000e0       0x18 .\CortexM0\ARM_GCC_541\Debug\cymetadata.o
 .debug_aranges
                0x000000f8       0x48 .\CortexM0\ARM_GCC_541\Debug\Cm0Start.o
 .debug_aranges
                0x00000140      0x168 .\CortexM0\ARM_GCC_541\Debug\CapSense_CSD_P4_Example_WithTuner01.a(CyLib.o)
 .debug_aranges
                0x000002a8       0xb0 .\CortexM0\ARM_GCC_541\Debug\CapSense_CSD_P4_Example_WithTuner01.a(CyLFClk.o)
 .debug_aranges
                0x00000358      0x148 .\CortexM0\ARM_GCC_541\Debug\CapSense_CSD_P4_Example_WithTuner01.a(CapSense.o)
 .debug_aranges
                0x000004a0      0x120 .\CortexM0\ARM_GCC_541\Debug\CapSense_CSD_P4_Example_WithTuner01.a(CapSense_CSHL.o)
 .debug_aranges
                0x000005c0       0x20 .\CortexM0\ARM_GCC_541\Debug\CapSense_CSD_P4_Example_WithTuner01.a(CapSense_INT.o)
 .debug_aranges
                0x000005e0       0x40 .\CortexM0\ARM_GCC_541\Debug\CapSense_CSD_P4_Example_WithTuner01.a(CapSense_SenseClk.o)
 .debug_aranges
                0x00000620       0x40 .\CortexM0\ARM_GCC_541\Debug\CapSense_CSD_P4_Example_WithTuner01.a(CapSense_SampleClk.o)
 .debug_aranges
                0x00000660       0x80 .\CortexM0\ARM_GCC_541\Debug\CapSense_CSD_P4_Example_WithTuner01.a(isr_WDT.o)
 .debug_aranges
                0x000006e0       0x40 .\CortexM0\ARM_GCC_541\Debug\CapSense_CSD_P4_Example_WithTuner01.a(hawkeye_clk.o)
 .debug_aranges
                0x00000720       0x40 .\CortexM0\ARM_GCC_541\Debug\CapSense_CSD_P4_Example_WithTuner01.a(hawkeye_data.o)
 .debug_aranges
                0x00000760      0x158 .\CortexM0\ARM_GCC_541\Debug\CapSense_CSD_P4_Example_WithTuner01.a(Timer_1.o)
 .debug_aranges
                0x000008b8       0x40 .\CortexM0\ARM_GCC_541\Debug\CapSense_CSD_P4_Example_WithTuner01.a(Clock_1.o)
 .debug_aranges
                0x000008f8       0x80 .\CortexM0\ARM_GCC_541\Debug\CapSense_CSD_P4_Example_WithTuner01.a(TC_CC_ISR.o)
 .debug_aranges
                0x00000978       0x48 .\CortexM0\ARM_GCC_541\Debug\CapSense_CSD_P4_Example_WithTuner01.a(UnUsedPin_18.o)
 .debug_aranges
                0x000009c0       0x48 .\CortexM0\ARM_GCC_541\Debug\CapSense_CSD_P4_Example_WithTuner01.a(UnUsedPin_10.o)
 .debug_aranges
                0x00000a08       0x48 .\CortexM0\ARM_GCC_541\Debug\CapSense_CSD_P4_Example_WithTuner01.a(UnUsedPin_9.o)
 .debug_aranges
                0x00000a50       0x48 .\CortexM0\ARM_GCC_541\Debug\CapSense_CSD_P4_Example_WithTuner01.a(UnUsedPin_16.o)
 .debug_aranges
                0x00000a98       0x48 .\CortexM0\ARM_GCC_541\Debug\CapSense_CSD_P4_Example_WithTuner01.a(UnUsedPin_14.o)
 .debug_aranges
                0x00000ae0       0x48 .\CortexM0\ARM_GCC_541\Debug\CapSense_CSD_P4_Example_WithTuner01.a(UnUsedPin_15.o)
 .debug_aranges
                0x00000b28       0x20 .\CortexM0\ARM_GCC_541\Debug\CapSense_CSD_P4_Example_WithTuner01.a(CyBootAsmGnu.o)

.debug_pubnames
 *(.debug_pubnames)

.debug_info     0x00000000     0x7677
 *(.debug_info .gnu.linkonce.wi.*)
 .debug_info    0x00000000      0xc6a .\CortexM0\ARM_GCC_541\Debug\main.o
 .debug_info    0x00000c6a      0x815 .\CortexM0\ARM_GCC_541\Debug\hawkeye.o
 .debug_info    0x0000147f      0x13c .\CortexM0\ARM_GCC_541\Debug\cyfitter_cfg.o
 .debug_info    0x000015bb       0xf8 .\CortexM0\ARM_GCC_541\Debug\cymetadata.o
 .debug_info    0x000016b3      0x3b2 .\CortexM0\ARM_GCC_541\Debug\Cm0Start.o
 .debug_info    0x00001a65      0xc10 .\CortexM0\ARM_GCC_541\Debug\CapSense_CSD_P4_Example_WithTuner01.a(CyLib.o)
 .debug_info    0x00002675      0x33b .\CortexM0\ARM_GCC_541\Debug\CapSense_CSD_P4_Example_WithTuner01.a(CyLFClk.o)
 .debug_info    0x000029b0     0x1686 .\CortexM0\ARM_GCC_541\Debug\CapSense_CSD_P4_Example_WithTuner01.a(CapSense.o)
 .debug_info    0x00004036     0x1072 .\CortexM0\ARM_GCC_541\Debug\CapSense_CSD_P4_Example_WithTuner01.a(CapSense_CSHL.o)
 .debug_info    0x000050a8      0x19c .\CortexM0\ARM_GCC_541\Debug\CapSense_CSD_P4_Example_WithTuner01.a(CapSense_INT.o)
 .debug_info    0x00005244      0x166 .\CortexM0\ARM_GCC_541\Debug\CapSense_CSD_P4_Example_WithTuner01.a(CapSense_SenseClk.o)
 .debug_info    0x000053aa      0x166 .\CortexM0\ARM_GCC_541\Debug\CapSense_CSD_P4_Example_WithTuner01.a(CapSense_SampleClk.o)
 .debug_info    0x00005510      0x3de .\CortexM0\ARM_GCC_541\Debug\CapSense_CSD_P4_Example_WithTuner01.a(isr_WDT.o)
 .debug_info    0x000058ee      0x14e .\CortexM0\ARM_GCC_541\Debug\CapSense_CSD_P4_Example_WithTuner01.a(hawkeye_clk.o)
 .debug_info    0x00005a3c      0x14c .\CortexM0\ARM_GCC_541\Debug\CapSense_CSD_P4_Example_WithTuner01.a(hawkeye_data.o)
 .debug_info    0x00005b88      0xb51 .\CortexM0\ARM_GCC_541\Debug\CapSense_CSD_P4_Example_WithTuner01.a(Timer_1.o)
 .debug_info    0x000066d9      0x166 .\CortexM0\ARM_GCC_541\Debug\CapSense_CSD_P4_Example_WithTuner01.a(Clock_1.o)
 .debug_info    0x0000683f      0x3de .\CortexM0\ARM_GCC_541\Debug\CapSense_CSD_P4_Example_WithTuner01.a(TC_CC_ISR.o)
 .debug_info    0x00006c1d      0x19b .\CortexM0\ARM_GCC_541\Debug\CapSense_CSD_P4_Example_WithTuner01.a(UnUsedPin_18.o)
 .debug_info    0x00006db8      0x19b .\CortexM0\ARM_GCC_541\Debug\CapSense_CSD_P4_Example_WithTuner01.a(UnUsedPin_10.o)
 .debug_info    0x00006f53      0x19b .\CortexM0\ARM_GCC_541\Debug\CapSense_CSD_P4_Example_WithTuner01.a(UnUsedPin_9.o)
 .debug_info    0x000070ee      0x19b .\CortexM0\ARM_GCC_541\Debug\CapSense_CSD_P4_Example_WithTuner01.a(UnUsedPin_16.o)
 .debug_info    0x00007289      0x199 .\CortexM0\ARM_GCC_541\Debug\CapSense_CSD_P4_Example_WithTuner01.a(UnUsedPin_14.o)
 .debug_info    0x00007422      0x19b .\CortexM0\ARM_GCC_541\Debug\CapSense_CSD_P4_Example_WithTuner01.a(UnUsedPin_15.o)
 .debug_info    0x000075bd       0xba .\CortexM0\ARM_GCC_541\Debug\CapSense_CSD_P4_Example_WithTuner01.a(CyBootAsmGnu.o)

.debug_abbrev   0x00000000     0x1fe0
 *(.debug_abbrev)
 .debug_abbrev  0x00000000      0x26d .\CortexM0\ARM_GCC_541\Debug\main.o
 .debug_abbrev  0x0000026d      0x18c .\CortexM0\ARM_GCC_541\Debug\hawkeye.o
 .debug_abbrev  0x000003f9       0xd6 .\CortexM0\ARM_GCC_541\Debug\cyfitter_cfg.o
 .debug_abbrev  0x000004cf       0x5d .\CortexM0\ARM_GCC_541\Debug\cymetadata.o
 .debug_abbrev  0x0000052c      0x1d5 .\CortexM0\ARM_GCC_541\Debug\Cm0Start.o
 .debug_abbrev  0x00000701      0x30c .\CortexM0\ARM_GCC_541\Debug\CapSense_CSD_P4_Example_WithTuner01.a(CyLib.o)
 .debug_abbrev  0x00000a0d      0x18e .\CortexM0\ARM_GCC_541\Debug\CapSense_CSD_P4_Example_WithTuner01.a(CyLFClk.o)
 .debug_abbrev  0x00000b9b      0x28d .\CortexM0\ARM_GCC_541\Debug\CapSense_CSD_P4_Example_WithTuner01.a(CapSense.o)
 .debug_abbrev  0x00000e28      0x263 .\CortexM0\ARM_GCC_541\Debug\CapSense_CSD_P4_Example_WithTuner01.a(CapSense_CSHL.o)
 .debug_abbrev  0x0000108b       0xbf .\CortexM0\ARM_GCC_541\Debug\CapSense_CSD_P4_Example_WithTuner01.a(CapSense_INT.o)
 .debug_abbrev  0x0000114a       0xb7 .\CortexM0\ARM_GCC_541\Debug\CapSense_CSD_P4_Example_WithTuner01.a(CapSense_SenseClk.o)
 .debug_abbrev  0x00001201       0xb7 .\CortexM0\ARM_GCC_541\Debug\CapSense_CSD_P4_Example_WithTuner01.a(CapSense_SampleClk.o)
 .debug_abbrev  0x000012b8      0x237 .\CortexM0\ARM_GCC_541\Debug\CapSense_CSD_P4_Example_WithTuner01.a(isr_WDT.o)
 .debug_abbrev  0x000014ef       0xb7 .\CortexM0\ARM_GCC_541\Debug\CapSense_CSD_P4_Example_WithTuner01.a(hawkeye_clk.o)
 .debug_abbrev  0x000015a6       0xb7 .\CortexM0\ARM_GCC_541\Debug\CapSense_CSD_P4_Example_WithTuner01.a(hawkeye_data.o)
 .debug_abbrev  0x0000165d      0x1dd .\CortexM0\ARM_GCC_541\Debug\CapSense_CSD_P4_Example_WithTuner01.a(Timer_1.o)
 .debug_abbrev  0x0000183a       0xb7 .\CortexM0\ARM_GCC_541\Debug\CapSense_CSD_P4_Example_WithTuner01.a(Clock_1.o)
 .debug_abbrev  0x000018f1      0x228 .\CortexM0\ARM_GCC_541\Debug\CapSense_CSD_P4_Example_WithTuner01.a(TC_CC_ISR.o)
 .debug_abbrev  0x00001b19       0xc6 .\CortexM0\ARM_GCC_541\Debug\CapSense_CSD_P4_Example_WithTuner01.a(UnUsedPin_18.o)
 .debug_abbrev  0x00001bdf       0xc6 .\CortexM0\ARM_GCC_541\Debug\CapSense_CSD_P4_Example_WithTuner01.a(UnUsedPin_10.o)
 .debug_abbrev  0x00001ca5       0xc6 .\CortexM0\ARM_GCC_541\Debug\CapSense_CSD_P4_Example_WithTuner01.a(UnUsedPin_9.o)
 .debug_abbrev  0x00001d6b       0xc6 .\CortexM0\ARM_GCC_541\Debug\CapSense_CSD_P4_Example_WithTuner01.a(UnUsedPin_16.o)
 .debug_abbrev  0x00001e31       0xd5 .\CortexM0\ARM_GCC_541\Debug\CapSense_CSD_P4_Example_WithTuner01.a(UnUsedPin_14.o)
 .debug_abbrev  0x00001f06       0xc6 .\CortexM0\ARM_GCC_541\Debug\CapSense_CSD_P4_Example_WithTuner01.a(UnUsedPin_15.o)
 .debug_abbrev  0x00001fcc       0x14 .\CortexM0\ARM_GCC_541\Debug\CapSense_CSD_P4_Example_WithTuner01.a(CyBootAsmGnu.o)

.debug_line     0x00000000     0x317e
 *(.debug_line)
 .debug_line    0x00000000      0x483 .\CortexM0\ARM_GCC_541\Debug\main.o
 .debug_line    0x00000483      0x264 .\CortexM0\ARM_GCC_541\Debug\hawkeye.o
 .debug_line    0x000006e7       0xd2 .\CortexM0\ARM_GCC_541\Debug\cyfitter_cfg.o
 .debug_line    0x000007b9      0x141 .\CortexM0\ARM_GCC_541\Debug\cymetadata.o
 .debug_line    0x000008fa      0x266 .\CortexM0\ARM_GCC_541\Debug\Cm0Start.o
 .debug_line    0x00000b60      0x4ed .\CortexM0\ARM_GCC_541\Debug\CapSense_CSD_P4_Example_WithTuner01.a(CyLib.o)
 .debug_line    0x0000104d      0x240 .\CortexM0\ARM_GCC_541\Debug\CapSense_CSD_P4_Example_WithTuner01.a(CyLFClk.o)
 .debug_line    0x0000128d      0x6d3 .\CortexM0\ARM_GCC_541\Debug\CapSense_CSD_P4_Example_WithTuner01.a(CapSense.o)
 .debug_line    0x00001960      0x671 .\CortexM0\ARM_GCC_541\Debug\CapSense_CSD_P4_Example_WithTuner01.a(CapSense_CSHL.o)
 .debug_line    0x00001fd1       0xa5 .\CortexM0\ARM_GCC_541\Debug\CapSense_CSD_P4_Example_WithTuner01.a(CapSense_INT.o)
 .debug_line    0x00002076       0xda .\CortexM0\ARM_GCC_541\Debug\CapSense_CSD_P4_Example_WithTuner01.a(CapSense_SenseClk.o)
 .debug_line    0x00002150       0xdb .\CortexM0\ARM_GCC_541\Debug\CapSense_CSD_P4_Example_WithTuner01.a(CapSense_SampleClk.o)
 .debug_line    0x0000222b      0x1a7 .\CortexM0\ARM_GCC_541\Debug\CapSense_CSD_P4_Example_WithTuner01.a(isr_WDT.o)
 .debug_line    0x000023d2       0xbb .\CortexM0\ARM_GCC_541\Debug\CapSense_CSD_P4_Example_WithTuner01.a(hawkeye_clk.o)
 .debug_line    0x0000248d       0xba .\CortexM0\ARM_GCC_541\Debug\CapSense_CSD_P4_Example_WithTuner01.a(hawkeye_data.o)
 .debug_line    0x00002547      0x484 .\CortexM0\ARM_GCC_541\Debug\CapSense_CSD_P4_Example_WithTuner01.a(Timer_1.o)
 .debug_line    0x000029cb       0xd0 .\CortexM0\ARM_GCC_541\Debug\CapSense_CSD_P4_Example_WithTuner01.a(Clock_1.o)
 .debug_line    0x00002a9b      0x199 .\CortexM0\ARM_GCC_541\Debug\CapSense_CSD_P4_Example_WithTuner01.a(TC_CC_ISR.o)
 .debug_line    0x00002c34       0xd0 .\CortexM0\ARM_GCC_541\Debug\CapSense_CSD_P4_Example_WithTuner01.a(UnUsedPin_18.o)
 .debug_line    0x00002d04       0xd0 .\CortexM0\ARM_GCC_541\Debug\CapSense_CSD_P4_Example_WithTuner01.a(UnUsedPin_10.o)
 .debug_line    0x00002dd4       0xcf .\CortexM0\ARM_GCC_541\Debug\CapSense_CSD_P4_Example_WithTuner01.a(UnUsedPin_9.o)
 .debug_line    0x00002ea3       0xd0 .\CortexM0\ARM_GCC_541\Debug\CapSense_CSD_P4_Example_WithTuner01.a(UnUsedPin_16.o)
 .debug_line    0x00002f73       0xd0 .\CortexM0\ARM_GCC_541\Debug\CapSense_CSD_P4_Example_WithTuner01.a(UnUsedPin_14.o)
 .debug_line    0x00003043       0xd2 .\CortexM0\ARM_GCC_541\Debug\CapSense_CSD_P4_Example_WithTuner01.a(UnUsedPin_15.o)
 .debug_line    0x00003115       0x69 .\CortexM0\ARM_GCC_541\Debug\CapSense_CSD_P4_Example_WithTuner01.a(CyBootAsmGnu.o)

.debug_frame    0x00000000     0x1af8
 *(.debug_frame)
 .debug_frame   0x00000000      0x254 .\CortexM0\ARM_GCC_541\Debug\main.o
 .debug_frame   0x00000254       0x38 .\CortexM0\ARM_GCC_541\Debug\hawkeye.o
 .debug_frame   0x0000028c       0x40 .\CortexM0\ARM_GCC_541\Debug\cyfitter_cfg.o
 .debug_frame   0x000002cc       0xc8 .\CortexM0\ARM_GCC_541\Debug\Cm0Start.o
 .debug_frame   0x00000394      0x370 .\CortexM0\ARM_GCC_541\Debug\CapSense_CSD_P4_Example_WithTuner01.a(CyLib.o)
 .debug_frame   0x00000704      0x170 .\CortexM0\ARM_GCC_541\Debug\CapSense_CSD_P4_Example_WithTuner01.a(CyLFClk.o)
 .debug_frame   0x00000874      0x3d8 .\CortexM0\ARM_GCC_541\Debug\CapSense_CSD_P4_Example_WithTuner01.a(CapSense.o)
 .debug_frame   0x00000c4c      0x398 .\CortexM0\ARM_GCC_541\Debug\CapSense_CSD_P4_Example_WithTuner01.a(CapSense_CSHL.o)
 .debug_frame   0x00000fe4       0x30 .\CortexM0\ARM_GCC_541\Debug\CapSense_CSD_P4_Example_WithTuner01.a(CapSense_INT.o)
 .debug_frame   0x00001014       0x6c .\CortexM0\ARM_GCC_541\Debug\CapSense_CSD_P4_Example_WithTuner01.a(CapSense_SenseClk.o)
 .debug_frame   0x00001080       0x6c .\CortexM0\ARM_GCC_541\Debug\CapSense_CSD_P4_Example_WithTuner01.a(CapSense_SampleClk.o)
 .debug_frame   0x000010ec      0x104 .\CortexM0\ARM_GCC_541\Debug\CapSense_CSD_P4_Example_WithTuner01.a(isr_WDT.o)
 .debug_frame   0x000011f0       0x60 .\CortexM0\ARM_GCC_541\Debug\CapSense_CSD_P4_Example_WithTuner01.a(hawkeye_clk.o)
 .debug_frame   0x00001250       0x60 .\CortexM0\ARM_GCC_541\Debug\CapSense_CSD_P4_Example_WithTuner01.a(hawkeye_data.o)
 .debug_frame   0x000012b0      0x384 .\CortexM0\ARM_GCC_541\Debug\CapSense_CSD_P4_Example_WithTuner01.a(Timer_1.o)
 .debug_frame   0x00001634       0x6c .\CortexM0\ARM_GCC_541\Debug\CapSense_CSD_P4_Example_WithTuner01.a(Clock_1.o)
 .debug_frame   0x000016a0      0x104 .\CortexM0\ARM_GCC_541\Debug\CapSense_CSD_P4_Example_WithTuner01.a(TC_CC_ISR.o)
 .debug_frame   0x000017a4       0x70 .\CortexM0\ARM_GCC_541\Debug\CapSense_CSD_P4_Example_WithTuner01.a(UnUsedPin_18.o)
 .debug_frame   0x00001814       0x70 .\CortexM0\ARM_GCC_541\Debug\CapSense_CSD_P4_Example_WithTuner01.a(UnUsedPin_10.o)
 .debug_frame   0x00001884       0x70 .\CortexM0\ARM_GCC_541\Debug\CapSense_CSD_P4_Example_WithTuner01.a(UnUsedPin_9.o)
 .debug_frame   0x000018f4       0x70 .\CortexM0\ARM_GCC_541\Debug\CapSense_CSD_P4_Example_WithTuner01.a(UnUsedPin_16.o)
 .debug_frame   0x00001964       0x70 .\CortexM0\ARM_GCC_541\Debug\CapSense_CSD_P4_Example_WithTuner01.a(UnUsedPin_14.o)
 .debug_frame   0x000019d4       0x70 .\CortexM0\ARM_GCC_541\Debug\CapSense_CSD_P4_Example_WithTuner01.a(UnUsedPin_15.o)
 .debug_frame   0x00001a44       0x20 c:/program files (x86)/cypress/psoc creator/4.4/psoc creator/import/gnu/arm/5.4.1/bin/../lib/gcc/arm-none-eabi/5.4.1/armv6-m\libgcc.a(_udivsi3.o)
 .debug_frame   0x00001a64       0x20 c:/program files (x86)/cypress/psoc creator/4.4/psoc creator/import/gnu/arm/5.4.1/bin/../lib/gcc/arm-none-eabi/5.4.1/../../../../arm-none-eabi/lib/armv6-m\libg_nano.a(lib_a-errno.o)
 .debug_frame   0x00001a84       0x28 c:/program files (x86)/cypress/psoc creator/4.4/psoc creator/import/gnu/arm/5.4.1/bin/../lib/gcc/arm-none-eabi/5.4.1/../../../../arm-none-eabi/lib/armv6-m\libg_nano.a(lib_a-exit.o)
 .debug_frame   0x00001aac       0x2c c:/program files (x86)/cypress/psoc creator/4.4/psoc creator/import/gnu/arm/5.4.1/bin/../lib/gcc/arm-none-eabi/5.4.1/../../../../arm-none-eabi/lib/armv6-m\libg_nano.a(lib_a-init.o)
 .debug_frame   0x00001ad8       0x20 c:/program files (x86)/cypress/psoc creator/4.4/psoc creator/import/gnu/arm/5.4.1/bin/../lib/gcc/arm-none-eabi/5.4.1/../../../../arm-none-eabi/lib/armv6-m\libg_nano.a(lib_a-memset.o)

.debug_str      0x00000000     0x289e
 *(.debug_str)
 .debug_str     0x00000000      0x734 .\CortexM0\ARM_GCC_541\Debug\main.o
                                0x79a (size before relaxing)
 .debug_str     0x00000734       0x6c .\CortexM0\ARM_GCC_541\Debug\hawkeye.o
                                0x2a2 (size before relaxing)
 .debug_str     0x000007a0       0x91 .\CortexM0\ARM_GCC_541\Debug\cyfitter_cfg.o
                                0x243 (size before relaxing)
 .debug_str     0x00000831       0x59 .\CortexM0\ARM_GCC_541\Debug\cymetadata.o
                                0x1f2 (size before relaxing)
 .debug_str     0x0000088a      0x151 .\CortexM0\ARM_GCC_541\Debug\Cm0Start.o
                                0x33b (size before relaxing)
 .debug_str     0x000009db      0x456 .\CortexM0\ARM_GCC_541\Debug\CapSense_CSD_P4_Example_WithTuner01.a(CyLib.o)
                                0x662 (size before relaxing)
 .debug_str     0x00000e31      0x1db .\CortexM0\ARM_GCC_541\Debug\CapSense_CSD_P4_Example_WithTuner01.a(CyLFClk.o)
                                0x437 (size before relaxing)
 .debug_str     0x0000100c      0x74c .\CortexM0\ARM_GCC_541\Debug\CapSense_CSD_P4_Example_WithTuner01.a(CapSense.o)
                                0xa4e (size before relaxing)
 .debug_str     0x00001758      0x429 .\CortexM0\ARM_GCC_541\Debug\CapSense_CSD_P4_Example_WithTuner01.a(CapSense_CSHL.o)
                                0x884 (size before relaxing)
 .debug_str     0x00001b81       0x48 .\CortexM0\ARM_GCC_541\Debug\CapSense_CSD_P4_Example_WithTuner01.a(CapSense_INT.o)
                                0x2b9 (size before relaxing)
 .debug_str     0x00001bc9       0xb3 .\CortexM0\ARM_GCC_541\Debug\CapSense_CSD_P4_Example_WithTuner01.a(CapSense_SenseClk.o)
                                0x2bd (size before relaxing)
 .debug_str     0x00001c7c       0x82 .\CortexM0\ARM_GCC_541\Debug\CapSense_CSD_P4_Example_WithTuner01.a(CapSense_SampleClk.o)
                                0x2c3 (size before relaxing)
 .debug_str     0x00001cfe       0xdf .\CortexM0\ARM_GCC_541\Debug\CapSense_CSD_P4_Example_WithTuner01.a(isr_WDT.o)
                                0x330 (size before relaxing)
 .debug_str     0x00001ddd       0x9a .\CortexM0\ARM_GCC_541\Debug\CapSense_CSD_P4_Example_WithTuner01.a(hawkeye_clk.o)
                                0x255 (size before relaxing)
 .debug_str     0x00001e77       0x87 .\CortexM0\ARM_GCC_541\Debug\CapSense_CSD_P4_Example_WithTuner01.a(hawkeye_data.o)
                                0x25b (size before relaxing)
 .debug_str     0x00001efe      0x421 .\CortexM0\ARM_GCC_541\Debug\CapSense_CSD_P4_Example_WithTuner01.a(Timer_1.o)
                                0x642 (size before relaxing)
 .debug_str     0x0000231f       0x93 .\CortexM0\ARM_GCC_541\Debug\CapSense_CSD_P4_Example_WithTuner01.a(Clock_1.o)
                                0x281 (size before relaxing)
 .debug_str     0x000023b2      0x10c .\CortexM0\ARM_GCC_541\Debug\CapSense_CSD_P4_Example_WithTuner01.a(TC_CC_ISR.o)
                                0x34c (size before relaxing)
 .debug_str     0x000024be       0xad .\CortexM0\ARM_GCC_541\Debug\CapSense_CSD_P4_Example_WithTuner01.a(UnUsedPin_18.o)
                                0x291 (size before relaxing)
 .debug_str     0x0000256b       0xa5 .\CortexM0\ARM_GCC_541\Debug\CapSense_CSD_P4_Example_WithTuner01.a(UnUsedPin_10.o)
                                0x291 (size before relaxing)
 .debug_str     0x00002610       0x9f .\CortexM0\ARM_GCC_541\Debug\CapSense_CSD_P4_Example_WithTuner01.a(UnUsedPin_9.o)
                                0x28a (size before relaxing)
 .debug_str     0x000026af       0xa5 .\CortexM0\ARM_GCC_541\Debug\CapSense_CSD_P4_Example_WithTuner01.a(UnUsedPin_16.o)
                                0x291 (size before relaxing)
 .debug_str     0x00002754       0xa5 .\CortexM0\ARM_GCC_541\Debug\CapSense_CSD_P4_Example_WithTuner01.a(UnUsedPin_14.o)
                                0x291 (size before relaxing)
 .debug_str     0x000027f9       0xa5 .\CortexM0\ARM_GCC_541\Debug\CapSense_CSD_P4_Example_WithTuner01.a(UnUsedPin_15.o)
                                0x291 (size before relaxing)

.debug_loc      0x00000000     0x4e4a
 *(.debug_loc)
 .debug_loc     0x00000000      0x711 .\CortexM0\ARM_GCC_541\Debug\main.o
 .debug_loc     0x00000711      0x2ea .\CortexM0\ARM_GCC_541\Debug\hawkeye.o
 .debug_loc     0x000009fb       0x5a .\CortexM0\ARM_GCC_541\Debug\cyfitter_cfg.o
 .debug_loc     0x00000a55      0x1a5 .\CortexM0\ARM_GCC_541\Debug\Cm0Start.o
 .debug_loc     0x00000bfa      0x6a5 .\CortexM0\ARM_GCC_541\Debug\CapSense_CSD_P4_Example_WithTuner01.a(CyLib.o)
 .debug_loc     0x0000129f      0x1cc .\CortexM0\ARM_GCC_541\Debug\CapSense_CSD_P4_Example_WithTuner01.a(CyLFClk.o)
 .debug_loc     0x0000146b     0x1983 .\CortexM0\ARM_GCC_541\Debug\CapSense_CSD_P4_Example_WithTuner01.a(CapSense.o)
 .debug_loc     0x00002dee      0xfd2 .\CortexM0\ARM_GCC_541\Debug\CapSense_CSD_P4_Example_WithTuner01.a(CapSense_CSHL.o)
 .debug_loc     0x00003dc0       0x85 .\CortexM0\ARM_GCC_541\Debug\CapSense_CSD_P4_Example_WithTuner01.a(CapSense_SenseClk.o)
 .debug_loc     0x00003e45       0x85 .\CortexM0\ARM_GCC_541\Debug\CapSense_CSD_P4_Example_WithTuner01.a(CapSense_SampleClk.o)
 .debug_loc     0x00003eca       0xe7 .\CortexM0\ARM_GCC_541\Debug\CapSense_CSD_P4_Example_WithTuner01.a(isr_WDT.o)
 .debug_loc     0x00003fb1       0x63 .\CortexM0\ARM_GCC_541\Debug\CapSense_CSD_P4_Example_WithTuner01.a(hawkeye_clk.o)
 .debug_loc     0x00004014       0x42 .\CortexM0\ARM_GCC_541\Debug\CapSense_CSD_P4_Example_WithTuner01.a(hawkeye_data.o)
 .debug_loc     0x00004056      0x8e3 .\CortexM0\ARM_GCC_541\Debug\CapSense_CSD_P4_Example_WithTuner01.a(Timer_1.o)
 .debug_loc     0x00004939       0x85 .\CortexM0\ARM_GCC_541\Debug\CapSense_CSD_P4_Example_WithTuner01.a(Clock_1.o)
 .debug_loc     0x000049be       0xe7 .\CortexM0\ARM_GCC_541\Debug\CapSense_CSD_P4_Example_WithTuner01.a(TC_CC_ISR.o)
 .debug_loc     0x00004aa5       0xa1 .\CortexM0\ARM_GCC_541\Debug\CapSense_CSD_P4_Example_WithTuner01.a(UnUsedPin_18.o)
 .debug_loc     0x00004b46       0xa1 .\CortexM0\ARM_GCC_541\Debug\CapSense_CSD_P4_Example_WithTuner01.a(UnUsedPin_10.o)
 .debug_loc     0x00004be7       0xa1 .\CortexM0\ARM_GCC_541\Debug\CapSense_CSD_P4_Example_WithTuner01.a(UnUsedPin_9.o)
 .debug_loc     0x00004c88       0xa1 .\CortexM0\ARM_GCC_541\Debug\CapSense_CSD_P4_Example_WithTuner01.a(UnUsedPin_16.o)
 .debug_loc     0x00004d29       0x80 .\CortexM0\ARM_GCC_541\Debug\CapSense_CSD_P4_Example_WithTuner01.a(UnUsedPin_14.o)
 .debug_loc     0x00004da9       0xa1 .\CortexM0\ARM_GCC_541\Debug\CapSense_CSD_P4_Example_WithTuner01.a(UnUsedPin_15.o)

.debug_macinfo
 *(.debug_macinfo)

.debug_ranges   0x00000000     0x10a8
 *(.debug_ranges)
 .debug_ranges  0x00000000      0x150 .\CortexM0\ARM_GCC_541\Debug\main.o
 .debug_ranges  0x00000150       0x70 .\CortexM0\ARM_GCC_541\Debug\hawkeye.o
 .debug_ranges  0x000001c0       0x38 .\CortexM0\ARM_GCC_541\Debug\cyfitter_cfg.o
 .debug_ranges  0x000001f8       0x58 .\CortexM0\ARM_GCC_541\Debug\Cm0Start.o
 .debug_ranges  0x00000250      0x1f0 .\CortexM0\ARM_GCC_541\Debug\CapSense_CSD_P4_Example_WithTuner01.a(CyLib.o)
 .debug_ranges  0x00000440       0xb8 .\CortexM0\ARM_GCC_541\Debug\CapSense_CSD_P4_Example_WithTuner01.a(CyLFClk.o)
 .debug_ranges  0x000004f8      0x310 .\CortexM0\ARM_GCC_541\Debug\CapSense_CSD_P4_Example_WithTuner01.a(CapSense.o)
 .debug_ranges  0x00000808      0x310 .\CortexM0\ARM_GCC_541\Debug\CapSense_CSD_P4_Example_WithTuner01.a(CapSense_CSHL.o)
 .debug_ranges  0x00000b18       0x10 .\CortexM0\ARM_GCC_541\Debug\CapSense_CSD_P4_Example_WithTuner01.a(CapSense_INT.o)
 .debug_ranges  0x00000b28       0x30 .\CortexM0\ARM_GCC_541\Debug\CapSense_CSD_P4_Example_WithTuner01.a(CapSense_SenseClk.o)
 .debug_ranges  0x00000b58       0x30 .\CortexM0\ARM_GCC_541\Debug\CapSense_CSD_P4_Example_WithTuner01.a(CapSense_SampleClk.o)
 .debug_ranges  0x00000b88       0xd8 .\CortexM0\ARM_GCC_541\Debug\CapSense_CSD_P4_Example_WithTuner01.a(isr_WDT.o)
 .debug_ranges  0x00000c60       0x30 .\CortexM0\ARM_GCC_541\Debug\CapSense_CSD_P4_Example_WithTuner01.a(hawkeye_clk.o)
 .debug_ranges  0x00000c90       0x30 .\CortexM0\ARM_GCC_541\Debug\CapSense_CSD_P4_Example_WithTuner01.a(hawkeye_data.o)
 .debug_ranges  0x00000cc0      0x1b0 .\CortexM0\ARM_GCC_541\Debug\CapSense_CSD_P4_Example_WithTuner01.a(Timer_1.o)
 .debug_ranges  0x00000e70       0x30 .\CortexM0\ARM_GCC_541\Debug\CapSense_CSD_P4_Example_WithTuner01.a(Clock_1.o)
 .debug_ranges  0x00000ea0       0xb8 .\CortexM0\ARM_GCC_541\Debug\CapSense_CSD_P4_Example_WithTuner01.a(TC_CC_ISR.o)
 .debug_ranges  0x00000f58       0x38 .\CortexM0\ARM_GCC_541\Debug\CapSense_CSD_P4_Example_WithTuner01.a(UnUsedPin_18.o)
 .debug_ranges  0x00000f90       0x38 .\CortexM0\ARM_GCC_541\Debug\CapSense_CSD_P4_Example_WithTuner01.a(UnUsedPin_10.o)
 .debug_ranges  0x00000fc8       0x38 .\CortexM0\ARM_GCC_541\Debug\CapSense_CSD_P4_Example_WithTuner01.a(UnUsedPin_9.o)
 .debug_ranges  0x00001000       0x38 .\CortexM0\ARM_GCC_541\Debug\CapSense_CSD_P4_Example_WithTuner01.a(UnUsedPin_16.o)
 .debug_ranges  0x00001038       0x38 .\CortexM0\ARM_GCC_541\Debug\CapSense_CSD_P4_Example_WithTuner01.a(UnUsedPin_14.o)
 .debug_ranges  0x00001070       0x38 .\CortexM0\ARM_GCC_541\Debug\CapSense_CSD_P4_Example_WithTuner01.a(UnUsedPin_15.o)

.comment        0x00000000       0x6e
 .comment       0x00000000       0x6e .\CortexM0\ARM_GCC_541\Debug\main.o
                                 0x6f (size before relaxing)
 .comment       0x0000006e       0x6f .\CortexM0\ARM_GCC_541\Debug\hawkeye.o
 .comment       0x0000006e       0x6f .\CortexM0\ARM_GCC_541\Debug\cyfitter_cfg.o
 .comment       0x0000006e       0x6f .\CortexM0\ARM_GCC_541\Debug\cymetadata.o
 .comment       0x0000006e       0x6f .\CortexM0\ARM_GCC_541\Debug\Cm0Start.o
 .comment       0x0000006e       0x6f .\CortexM0\ARM_GCC_541\Debug\CapSense_CSD_P4_Example_WithTuner01.a(CyLib.o)
 .comment       0x0000006e       0x6f .\CortexM0\ARM_GCC_541\Debug\CapSense_CSD_P4_Example_WithTuner01.a(CyLFClk.o)
 .comment       0x0000006e       0x6f .\CortexM0\ARM_GCC_541\Debug\CapSense_CSD_P4_Example_WithTuner01.a(CapSense.o)
 .comment       0x0000006e       0x6f .\CortexM0\ARM_GCC_541\Debug\CapSense_CSD_P4_Example_WithTuner01.a(CapSense_CSHL.o)
 .comment       0x0000006e       0x6f .\CortexM0\ARM_GCC_541\Debug\CapSense_CSD_P4_Example_WithTuner01.a(CapSense_INT.o)
 .comment       0x0000006e       0x6f .\CortexM0\ARM_GCC_541\Debug\CapSense_CSD_P4_Example_WithTuner01.a(CapSense_SenseClk.o)
 .comment       0x0000006e       0x6f .\CortexM0\ARM_GCC_541\Debug\CapSense_CSD_P4_Example_WithTuner01.a(CapSense_SampleClk.o)
 .comment       0x0000006e       0x6f .\CortexM0\ARM_GCC_541\Debug\CapSense_CSD_P4_Example_WithTuner01.a(isr_WDT.o)
 .comment       0x0000006e       0x6f .\CortexM0\ARM_GCC_541\Debug\CapSense_CSD_P4_Example_WithTuner01.a(hawkeye_clk.o)
 .comment       0x0000006e       0x6f .\CortexM0\ARM_GCC_541\Debug\CapSense_CSD_P4_Example_WithTuner01.a(hawkeye_data.o)
 .comment       0x0000006e       0x6f .\CortexM0\ARM_GCC_541\Debug\CapSense_CSD_P4_Example_WithTuner01.a(Timer_1.o)
 .comment       0x0000006e       0x6f .\CortexM0\ARM_GCC_541\Debug\CapSense_CSD_P4_Example_WithTuner01.a(Clock_1.o)
 .comment       0x0000006e       0x6f .\CortexM0\ARM_GCC_541\Debug\CapSense_CSD_P4_Example_WithTuner01.a(TC_CC_ISR.o)
 .comment       0x0000006e       0x6f .\CortexM0\ARM_GCC_541\Debug\CapSense_CSD_P4_Example_WithTuner01.a(UnUsedPin_18.o)
 .comment       0x0000006e       0x6f .\CortexM0\ARM_GCC_541\Debug\CapSense_CSD_P4_Example_WithTuner01.a(UnUsedPin_10.o)
 .comment       0x0000006e       0x6f .\CortexM0\ARM_GCC_541\Debug\CapSense_CSD_P4_Example_WithTuner01.a(UnUsedPin_9.o)
 .comment       0x0000006e       0x6f .\CortexM0\ARM_GCC_541\Debug\CapSense_CSD_P4_Example_WithTuner01.a(UnUsedPin_16.o)
 .comment       0x0000006e       0x6f .\CortexM0\ARM_GCC_541\Debug\CapSense_CSD_P4_Example_WithTuner01.a(UnUsedPin_14.o)
 .comment       0x0000006e       0x6f .\CortexM0\ARM_GCC_541\Debug\CapSense_CSD_P4_Example_WithTuner01.a(UnUsedPin_15.o)

.debug_weaknames
 *(.debug_weaknames)

.debug_funcnames
 *(.debug_funcnames)

.debug_typenames
 *(.debug_typenames)

.debug_varnames
 *(.debug_varnames)

.note.gnu.arm.ident
 *(.note.gnu.arm.ident)

.ARM.attributes
                0x00000000       0x28
 *(.ARM.attributes)
 .ARM.attributes
                0x00000000       0x1e c:/program files (x86)/cypress/psoc creator/4.4/psoc creator/import/gnu/arm/5.4.1/bin/../lib/gcc/arm-none-eabi/5.4.1/armv6-m/crti.o
 .ARM.attributes
                0x0000001e       0x2c c:/program files (x86)/cypress/psoc creator/4.4/psoc creator/import/gnu/arm/5.4.1/bin/../lib/gcc/arm-none-eabi/5.4.1/armv6-m/crtbegin.o
 .ARM.attributes
                0x0000004a       0x1b c:/program files (x86)/cypress/psoc creator/4.4/psoc creator/import/gnu/arm/5.4.1/bin/../lib/gcc/arm-none-eabi/5.4.1/../../../../arm-none-eabi/lib/armv6-m/crt0.o
 .ARM.attributes
                0x00000065       0x31 .\CortexM0\ARM_GCC_541\Debug\main.o
 .ARM.attributes
                0x00000096       0x31 .\CortexM0\ARM_GCC_541\Debug\hawkeye.o
 .ARM.attributes
                0x000000c7       0x31 .\CortexM0\ARM_GCC_541\Debug\cyfitter_cfg.o
 .ARM.attributes
                0x000000f8       0x31 .\CortexM0\ARM_GCC_541\Debug\cymetadata.o
 .ARM.attributes
                0x00000129       0x31 .\CortexM0\ARM_GCC_541\Debug\Cm0Start.o
 .ARM.attributes
                0x0000015a       0x31 .\CortexM0\ARM_GCC_541\Debug\CapSense_CSD_P4_Example_WithTuner01.a(CyLib.o)
 .ARM.attributes
                0x0000018b       0x31 .\CortexM0\ARM_GCC_541\Debug\CapSense_CSD_P4_Example_WithTuner01.a(CyLFClk.o)
 .ARM.attributes
                0x000001bc       0x31 .\CortexM0\ARM_GCC_541\Debug\CapSense_CSD_P4_Example_WithTuner01.a(CapSense.o)
 .ARM.attributes
                0x000001ed       0x31 .\CortexM0\ARM_GCC_541\Debug\CapSense_CSD_P4_Example_WithTuner01.a(CapSense_CSHL.o)
 .ARM.attributes
                0x0000021e       0x31 .\CortexM0\ARM_GCC_541\Debug\CapSense_CSD_P4_Example_WithTuner01.a(CapSense_INT.o)
 .ARM.attributes
                0x0000024f       0x31 .\CortexM0\ARM_GCC_541\Debug\CapSense_CSD_P4_Example_WithTuner01.a(CapSense_SenseClk.o)
 .ARM.attributes
                0x00000280       0x31 .\CortexM0\ARM_GCC_541\Debug\CapSense_CSD_P4_Example_WithTuner01.a(CapSense_SampleClk.o)
 .ARM.attributes
                0x000002b1       0x31 .\CortexM0\ARM_GCC_541\Debug\CapSense_CSD_P4_Example_WithTuner01.a(isr_WDT.o)
 .ARM.attributes
                0x000002e2       0x31 .\CortexM0\ARM_GCC_541\Debug\CapSense_CSD_P4_Example_WithTuner01.a(hawkeye_clk.o)
 .ARM.attributes
                0x00000313       0x31 .\CortexM0\ARM_GCC_541\Debug\CapSense_CSD_P4_Example_WithTuner01.a(hawkeye_data.o)
 .ARM.attributes
                0x00000344       0x31 .\CortexM0\ARM_GCC_541\Debug\CapSense_CSD_P4_Example_WithTuner01.a(Timer_1.o)
 .ARM.attributes
                0x00000375       0x31 .\CortexM0\ARM_GCC_541\Debug\CapSense_CSD_P4_Example_WithTuner01.a(Clock_1.o)
 .ARM.attributes
                0x000003a6       0x31 .\CortexM0\ARM_GCC_541\Debug\CapSense_CSD_P4_Example_WithTuner01.a(TC_CC_ISR.o)
 .ARM.attributes
                0x000003d7       0x31 .\CortexM0\ARM_GCC_541\Debug\CapSense_CSD_P4_Example_WithTuner01.a(UnUsedPin_18.o)
 .ARM.attributes
                0x00000408       0x31 .\CortexM0\ARM_GCC_541\Debug\CapSense_CSD_P4_Example_WithTuner01.a(UnUsedPin_10.o)
 .ARM.attributes
                0x00000439       0x31 .\CortexM0\ARM_GCC_541\Debug\CapSense_CSD_P4_Example_WithTuner01.a(UnUsedPin_9.o)
 .ARM.attributes
                0x0000046a       0x31 .\CortexM0\ARM_GCC_541\Debug\CapSense_CSD_P4_Example_WithTuner01.a(UnUsedPin_16.o)
 .ARM.attributes
                0x0000049b       0x31 .\CortexM0\ARM_GCC_541\Debug\CapSense_CSD_P4_Example_WithTuner01.a(UnUsedPin_14.o)
 .ARM.attributes
                0x000004cc       0x31 .\CortexM0\ARM_GCC_541\Debug\CapSense_CSD_P4_Example_WithTuner01.a(UnUsedPin_15.o)
 .ARM.attributes
                0x000004fd       0x21 .\CortexM0\ARM_GCC_541\Debug\CapSense_CSD_P4_Example_WithTuner01.a(CyBootAsmGnu.o)
 .ARM.attributes
                0x0000051e       0x1e c:/program files (x86)/cypress/psoc creator/4.4/psoc creator/import/gnu/arm/5.4.1/bin/../lib/gcc/arm-none-eabi/5.4.1/armv6-m\libgcc.a(_udivsi3.o)
 .ARM.attributes
                0x0000053c       0x1e c:/program files (x86)/cypress/psoc creator/4.4/psoc creator/import/gnu/arm/5.4.1/bin/../lib/gcc/arm-none-eabi/5.4.1/armv6-m\libgcc.a(_dvmd_tls.o)
 .ARM.attributes
                0x0000055a       0x2c c:/program files (x86)/cypress/psoc creator/4.4/psoc creator/import/gnu/arm/5.4.1/bin/../lib/gcc/arm-none-eabi/5.4.1/../../../../arm-none-eabi/lib/armv6-m\libg_nano.a(lib_a-errno.o)
 .ARM.attributes
                0x00000586       0x2c c:/program files (x86)/cypress/psoc creator/4.4/psoc creator/import/gnu/arm/5.4.1/bin/../lib/gcc/arm-none-eabi/5.4.1/../../../../arm-none-eabi/lib/armv6-m\libg_nano.a(lib_a-exit.o)
 .ARM.attributes
                0x000005b2       0x2c c:/program files (x86)/cypress/psoc creator/4.4/psoc creator/import/gnu/arm/5.4.1/bin/../lib/gcc/arm-none-eabi/5.4.1/../../../../arm-none-eabi/lib/armv6-m\libg_nano.a(lib_a-impure.o)
 .ARM.attributes
                0x000005de       0x2c c:/program files (x86)/cypress/psoc creator/4.4/psoc creator/import/gnu/arm/5.4.1/bin/../lib/gcc/arm-none-eabi/5.4.1/../../../../arm-none-eabi/lib/armv6-m\libg_nano.a(lib_a-init.o)
 .ARM.attributes
                0x0000060a       0x2c c:/program files (x86)/cypress/psoc creator/4.4/psoc creator/import/gnu/arm/5.4.1/bin/../lib/gcc/arm-none-eabi/5.4.1/../../../../arm-none-eabi/lib/armv6-m\libg_nano.a(lib_a-memset.o)
 .ARM.attributes
                0x00000636       0x2c c:/program files (x86)/cypress/psoc creator/4.4/psoc creator/import/gnu/arm/5.4.1/bin/../lib/gcc/arm-none-eabi/5.4.1/armv6-m/crtend.o
 .ARM.attributes
                0x00000662       0x1e c:/program files (x86)/cypress/psoc creator/4.4/psoc creator/import/gnu/arm/5.4.1/bin/../lib/gcc/arm-none-eabi/5.4.1/armv6-m/crtn.o

/DISCARD/
 *(.note.GNU-stack)
OUTPUT(C:\Users\Public\touch\(NowC302)A1_Global_Multi_Creator4.1_hawkeye\CapSense_CSD_P4_Example_WithTuner01.cydsn\CortexM0\ARM_GCC_541\Debug\CapSense_CSD_P4_Example_WithTuner01.elf elf32-littlearm)

.EEPROMDATA     0x00003fc0        0x0
