ARM GAS  C:\Users\young\AppData\Local\Temp\cchsWuZu.s 			page 1


   1              		.syntax unified
   2              		.cpu cortex-m0
   3              		.fpu softvfp
   4              		.eabi_attribute 20, 1
   5              		.eabi_attribute 21, 1
   6              		.eabi_attribute 23, 3
   7              		.eabi_attribute 24, 1
   8              		.eabi_attribute 25, 1
   9              		.eabi_attribute 26, 1
  10              		.eabi_attribute 30, 2
  11              		.eabi_attribute 34, 0
  12              		.eabi_attribute 18, 4
  13              		.thumb
  14              		.syntax unified
  15              		.file	"cyfitter_cfg.c"
  16              		.text
  17              	.Ltext0:
  18              		.cfi_sections	.debug_frame
  19              		.section	.text.SetAnalogRoutingPumps,"ax",%progbits
  20              		.align	2
  21              		.global	SetAnalogRoutingPumps
  22              		.code	16
  23              		.thumb_func
  24              		.type	SetAnalogRoutingPumps, %function
  25              	SetAnalogRoutingPumps:
  26              	.LFB5:
  27              		.file 1 "Generated_Source\\PSoC4\\cyfitter_cfg.c"
   1:Generated_Source\PSoC4/cyfitter_cfg.c **** 
   2:Generated_Source\PSoC4/cyfitter_cfg.c **** /*******************************************************************************
   3:Generated_Source\PSoC4/cyfitter_cfg.c **** * File Name: cyfitter_cfg.c
   4:Generated_Source\PSoC4/cyfitter_cfg.c **** * 
   5:Generated_Source\PSoC4/cyfitter_cfg.c **** * PSoC Creator  4.4
   6:Generated_Source\PSoC4/cyfitter_cfg.c **** *
   7:Generated_Source\PSoC4/cyfitter_cfg.c **** * Description:
   8:Generated_Source\PSoC4/cyfitter_cfg.c **** * This file contains device initialization code.
   9:Generated_Source\PSoC4/cyfitter_cfg.c **** * Except for the user defined sections in CyClockStartupError(), this file should not be modified.
  10:Generated_Source\PSoC4/cyfitter_cfg.c **** * This file is automatically generated by PSoC Creator.
  11:Generated_Source\PSoC4/cyfitter_cfg.c **** *
  12:Generated_Source\PSoC4/cyfitter_cfg.c **** ********************************************************************************
  13:Generated_Source\PSoC4/cyfitter_cfg.c **** * Copyright (c) 2007-2020 Cypress Semiconductor.  All rights reserved.
  14:Generated_Source\PSoC4/cyfitter_cfg.c **** * You may use this file only in accordance with the license, terms, conditions, 
  15:Generated_Source\PSoC4/cyfitter_cfg.c **** * disclaimers, and limitations in the end user license agreement accompanying 
  16:Generated_Source\PSoC4/cyfitter_cfg.c **** * the software package with which this file was provided.
  17:Generated_Source\PSoC4/cyfitter_cfg.c **** ********************************************************************************/
  18:Generated_Source\PSoC4/cyfitter_cfg.c **** 
  19:Generated_Source\PSoC4/cyfitter_cfg.c **** #include <string.h>
  20:Generated_Source\PSoC4/cyfitter_cfg.c **** #include "cytypes.h"
  21:Generated_Source\PSoC4/cyfitter_cfg.c **** #include "cydevice_trm.h"
  22:Generated_Source\PSoC4/cyfitter_cfg.c **** #include "cyfitter.h"
  23:Generated_Source\PSoC4/cyfitter_cfg.c **** #include "CyLib.h"
  24:Generated_Source\PSoC4/cyfitter_cfg.c **** #include "cyfitter_cfg.h"
  25:Generated_Source\PSoC4/cyfitter_cfg.c **** 
  26:Generated_Source\PSoC4/cyfitter_cfg.c **** 
  27:Generated_Source\PSoC4/cyfitter_cfg.c **** #if defined(__GNUC__) || defined(__ARMCC_VERSION)
  28:Generated_Source\PSoC4/cyfitter_cfg.c ****     #define CYPACKED 
  29:Generated_Source\PSoC4/cyfitter_cfg.c ****     #define CYPACKED_ATTR __attribute__ ((packed))
  30:Generated_Source\PSoC4/cyfitter_cfg.c ****     #define CYALIGNED __attribute__ ((aligned))
ARM GAS  C:\Users\young\AppData\Local\Temp\cchsWuZu.s 			page 2


  31:Generated_Source\PSoC4/cyfitter_cfg.c ****     #define CY_CFG_UNUSED __attribute__ ((unused))
  32:Generated_Source\PSoC4/cyfitter_cfg.c ****     #ifndef CY_CFG_SECTION
  33:Generated_Source\PSoC4/cyfitter_cfg.c ****         #define CY_CFG_SECTION __attribute__ ((section(".psocinit")))
  34:Generated_Source\PSoC4/cyfitter_cfg.c ****     #endif
  35:Generated_Source\PSoC4/cyfitter_cfg.c ****     
  36:Generated_Source\PSoC4/cyfitter_cfg.c ****     #if defined(__ARMCC_VERSION)
  37:Generated_Source\PSoC4/cyfitter_cfg.c ****         #define CY_CFG_MEMORY_BARRIER() __memory_changed()
  38:Generated_Source\PSoC4/cyfitter_cfg.c ****     #else
  39:Generated_Source\PSoC4/cyfitter_cfg.c ****         #define CY_CFG_MEMORY_BARRIER() __sync_synchronize()
  40:Generated_Source\PSoC4/cyfitter_cfg.c ****     #endif
  41:Generated_Source\PSoC4/cyfitter_cfg.c ****     
  42:Generated_Source\PSoC4/cyfitter_cfg.c **** #elif defined(__ICCARM__)
  43:Generated_Source\PSoC4/cyfitter_cfg.c ****     #include <intrinsics.h>
  44:Generated_Source\PSoC4/cyfitter_cfg.c **** 
  45:Generated_Source\PSoC4/cyfitter_cfg.c ****     #define CYPACKED __packed
  46:Generated_Source\PSoC4/cyfitter_cfg.c ****     #define CYPACKED_ATTR 
  47:Generated_Source\PSoC4/cyfitter_cfg.c ****     #define CYALIGNED _Pragma("data_alignment=4")
  48:Generated_Source\PSoC4/cyfitter_cfg.c ****     #define CY_CFG_UNUSED _Pragma("diag_suppress=Pe177")
  49:Generated_Source\PSoC4/cyfitter_cfg.c ****     #define CY_CFG_SECTION _Pragma("location=\".psocinit\"")
  50:Generated_Source\PSoC4/cyfitter_cfg.c ****     
  51:Generated_Source\PSoC4/cyfitter_cfg.c ****     #define CY_CFG_MEMORY_BARRIER() __DMB()
  52:Generated_Source\PSoC4/cyfitter_cfg.c ****     
  53:Generated_Source\PSoC4/cyfitter_cfg.c **** #else
  54:Generated_Source\PSoC4/cyfitter_cfg.c ****     #error Unsupported toolchain
  55:Generated_Source\PSoC4/cyfitter_cfg.c **** #endif
  56:Generated_Source\PSoC4/cyfitter_cfg.c **** 
  57:Generated_Source\PSoC4/cyfitter_cfg.c **** #ifndef CYCODE
  58:Generated_Source\PSoC4/cyfitter_cfg.c ****     #define CYCODE
  59:Generated_Source\PSoC4/cyfitter_cfg.c **** #endif
  60:Generated_Source\PSoC4/cyfitter_cfg.c **** #ifndef CYDATA
  61:Generated_Source\PSoC4/cyfitter_cfg.c ****     #define CYDATA
  62:Generated_Source\PSoC4/cyfitter_cfg.c **** #endif
  63:Generated_Source\PSoC4/cyfitter_cfg.c **** #ifndef CYFAR
  64:Generated_Source\PSoC4/cyfitter_cfg.c ****     #define CYFAR
  65:Generated_Source\PSoC4/cyfitter_cfg.c **** #endif
  66:Generated_Source\PSoC4/cyfitter_cfg.c **** #ifndef CYXDATA
  67:Generated_Source\PSoC4/cyfitter_cfg.c ****     #define CYXDATA
  68:Generated_Source\PSoC4/cyfitter_cfg.c **** #endif
  69:Generated_Source\PSoC4/cyfitter_cfg.c **** 
  70:Generated_Source\PSoC4/cyfitter_cfg.c **** 
  71:Generated_Source\PSoC4/cyfitter_cfg.c **** CY_CFG_UNUSED
  72:Generated_Source\PSoC4/cyfitter_cfg.c **** static void CYMEMZERO(void *s, size_t n);
  73:Generated_Source\PSoC4/cyfitter_cfg.c **** CY_CFG_UNUSED
  74:Generated_Source\PSoC4/cyfitter_cfg.c **** static void CYMEMZERO(void *s, size_t n)
  75:Generated_Source\PSoC4/cyfitter_cfg.c **** {
  76:Generated_Source\PSoC4/cyfitter_cfg.c **** 	(void)memset(s, 0, n);
  77:Generated_Source\PSoC4/cyfitter_cfg.c **** }
  78:Generated_Source\PSoC4/cyfitter_cfg.c **** CY_CFG_UNUSED
  79:Generated_Source\PSoC4/cyfitter_cfg.c **** static void CYCONFIGCPY(void *dest, const void *src, size_t n);
  80:Generated_Source\PSoC4/cyfitter_cfg.c **** CY_CFG_UNUSED
  81:Generated_Source\PSoC4/cyfitter_cfg.c **** static void CYCONFIGCPY(void *dest, const void *src, size_t n)
  82:Generated_Source\PSoC4/cyfitter_cfg.c **** {
  83:Generated_Source\PSoC4/cyfitter_cfg.c **** 	(void)memcpy(dest, src, n);
  84:Generated_Source\PSoC4/cyfitter_cfg.c **** }
  85:Generated_Source\PSoC4/cyfitter_cfg.c **** CY_CFG_UNUSED
  86:Generated_Source\PSoC4/cyfitter_cfg.c **** static void CYCONFIGCPYCODE(void *dest, const void *src, size_t n);
  87:Generated_Source\PSoC4/cyfitter_cfg.c **** CY_CFG_UNUSED
ARM GAS  C:\Users\young\AppData\Local\Temp\cchsWuZu.s 			page 3


  88:Generated_Source\PSoC4/cyfitter_cfg.c **** static void CYCONFIGCPYCODE(void *dest, const void *src, size_t n)
  89:Generated_Source\PSoC4/cyfitter_cfg.c **** {
  90:Generated_Source\PSoC4/cyfitter_cfg.c **** 	(void)memcpy(dest, src, n);
  91:Generated_Source\PSoC4/cyfitter_cfg.c **** }
  92:Generated_Source\PSoC4/cyfitter_cfg.c **** 
  93:Generated_Source\PSoC4/cyfitter_cfg.c **** 
  94:Generated_Source\PSoC4/cyfitter_cfg.c **** 
  95:Generated_Source\PSoC4/cyfitter_cfg.c **** 
  96:Generated_Source\PSoC4/cyfitter_cfg.c **** /* Clock startup error codes                                                   */
  97:Generated_Source\PSoC4/cyfitter_cfg.c **** #define CYCLOCKSTART_NO_ERROR    0u
  98:Generated_Source\PSoC4/cyfitter_cfg.c **** #define CYCLOCKSTART_XTAL_ERROR  1u
  99:Generated_Source\PSoC4/cyfitter_cfg.c **** #define CYCLOCKSTART_32KHZ_ERROR 2u
 100:Generated_Source\PSoC4/cyfitter_cfg.c **** #define CYCLOCKSTART_PLL_ERROR   3u
 101:Generated_Source\PSoC4/cyfitter_cfg.c **** #define CYCLOCKSTART_FLL_ERROR   4u
 102:Generated_Source\PSoC4/cyfitter_cfg.c **** #define CYCLOCKSTART_WCO_ERROR   5u
 103:Generated_Source\PSoC4/cyfitter_cfg.c **** 
 104:Generated_Source\PSoC4/cyfitter_cfg.c **** 
 105:Generated_Source\PSoC4/cyfitter_cfg.c **** #ifdef CY_NEED_CYCLOCKSTARTUPERROR
 106:Generated_Source\PSoC4/cyfitter_cfg.c **** /*******************************************************************************
 107:Generated_Source\PSoC4/cyfitter_cfg.c **** * Function Name: CyClockStartupError
 108:Generated_Source\PSoC4/cyfitter_cfg.c **** ********************************************************************************
 109:Generated_Source\PSoC4/cyfitter_cfg.c **** * Summary:
 110:Generated_Source\PSoC4/cyfitter_cfg.c **** *  If an error is encountered during clock configuration (crystal startup error,
 111:Generated_Source\PSoC4/cyfitter_cfg.c **** *  PLL lock error, etc.), the system will end up here.  Unless reimplemented by
 112:Generated_Source\PSoC4/cyfitter_cfg.c **** *  the customer, this function will stop in an infinite loop.
 113:Generated_Source\PSoC4/cyfitter_cfg.c **** *
 114:Generated_Source\PSoC4/cyfitter_cfg.c **** * Parameters:
 115:Generated_Source\PSoC4/cyfitter_cfg.c **** *   void
 116:Generated_Source\PSoC4/cyfitter_cfg.c **** *
 117:Generated_Source\PSoC4/cyfitter_cfg.c **** * Return:
 118:Generated_Source\PSoC4/cyfitter_cfg.c **** *   void
 119:Generated_Source\PSoC4/cyfitter_cfg.c **** *
 120:Generated_Source\PSoC4/cyfitter_cfg.c **** *******************************************************************************/
 121:Generated_Source\PSoC4/cyfitter_cfg.c **** CY_CFG_UNUSED
 122:Generated_Source\PSoC4/cyfitter_cfg.c **** static void CyClockStartupError(uint8 errorCode);
 123:Generated_Source\PSoC4/cyfitter_cfg.c **** CY_CFG_UNUSED
 124:Generated_Source\PSoC4/cyfitter_cfg.c **** static void CyClockStartupError(uint8 errorCode)
 125:Generated_Source\PSoC4/cyfitter_cfg.c **** {
 126:Generated_Source\PSoC4/cyfitter_cfg.c ****     /* To remove the compiler warning if errorCode not used.                */
 127:Generated_Source\PSoC4/cyfitter_cfg.c ****     errorCode = errorCode;
 128:Generated_Source\PSoC4/cyfitter_cfg.c **** 
 129:Generated_Source\PSoC4/cyfitter_cfg.c ****     /* If we have a clock startup error (bad MHz crystal, PLL lock, etc.),  */
 130:Generated_Source\PSoC4/cyfitter_cfg.c ****     /* we will end up here to allow the customer to implement something to  */
 131:Generated_Source\PSoC4/cyfitter_cfg.c ****     /* deal with the clock condition.                                       */
 132:Generated_Source\PSoC4/cyfitter_cfg.c **** 
 133:Generated_Source\PSoC4/cyfitter_cfg.c **** #ifdef CY_CFG_CLOCK_STARTUP_ERROR_CALLBACK
 134:Generated_Source\PSoC4/cyfitter_cfg.c ****     CY_CFG_Clock_Startup_ErrorCallback();
 135:Generated_Source\PSoC4/cyfitter_cfg.c **** #else
 136:Generated_Source\PSoC4/cyfitter_cfg.c ****     /*  If not using CY_CFG_CLOCK_STARTUP_ERROR_CALLBACK, place your clock startup code here. */
 137:Generated_Source\PSoC4/cyfitter_cfg.c ****     /* `#START CyClockStartupError` */
 138:Generated_Source\PSoC4/cyfitter_cfg.c **** 
 139:Generated_Source\PSoC4/cyfitter_cfg.c ****     /* If we have a clock startup error (bad MHz crystal, PLL lock, etc.),  */
 140:Generated_Source\PSoC4/cyfitter_cfg.c ****     /* we will end up here to allow the customer to implement something to  */
 141:Generated_Source\PSoC4/cyfitter_cfg.c ****     /* deal with the clock condition.                                       */
 142:Generated_Source\PSoC4/cyfitter_cfg.c **** 
 143:Generated_Source\PSoC4/cyfitter_cfg.c ****     /* `#END` */
 144:Generated_Source\PSoC4/cyfitter_cfg.c **** 
ARM GAS  C:\Users\young\AppData\Local\Temp\cchsWuZu.s 			page 4


 145:Generated_Source\PSoC4/cyfitter_cfg.c ****     while(1) {}
 146:Generated_Source\PSoC4/cyfitter_cfg.c **** #endif /* CY_CFG_CLOCK_STARTUP_ERROR_CALLBACK */
 147:Generated_Source\PSoC4/cyfitter_cfg.c **** }
 148:Generated_Source\PSoC4/cyfitter_cfg.c **** #endif
 149:Generated_Source\PSoC4/cyfitter_cfg.c **** 
 150:Generated_Source\PSoC4/cyfitter_cfg.c **** 
 151:Generated_Source\PSoC4/cyfitter_cfg.c **** 
 152:Generated_Source\PSoC4/cyfitter_cfg.c **** /*******************************************************************************
 153:Generated_Source\PSoC4/cyfitter_cfg.c **** * Function Name: ClockSetup
 154:Generated_Source\PSoC4/cyfitter_cfg.c **** ********************************************************************************
 155:Generated_Source\PSoC4/cyfitter_cfg.c **** *
 156:Generated_Source\PSoC4/cyfitter_cfg.c **** * Summary:
 157:Generated_Source\PSoC4/cyfitter_cfg.c **** *   Performs the initialization of all of the clocks in the device based on the
 158:Generated_Source\PSoC4/cyfitter_cfg.c **** *   settings in the Clock tab of the DWR.  This includes enabling the requested
 159:Generated_Source\PSoC4/cyfitter_cfg.c **** *   clocks and setting the necessary dividers to produce the desired frequency. 
 160:Generated_Source\PSoC4/cyfitter_cfg.c **** *
 161:Generated_Source\PSoC4/cyfitter_cfg.c **** * Parameters:
 162:Generated_Source\PSoC4/cyfitter_cfg.c **** *   void
 163:Generated_Source\PSoC4/cyfitter_cfg.c **** *
 164:Generated_Source\PSoC4/cyfitter_cfg.c **** * Return:
 165:Generated_Source\PSoC4/cyfitter_cfg.c **** *   void
 166:Generated_Source\PSoC4/cyfitter_cfg.c **** *
 167:Generated_Source\PSoC4/cyfitter_cfg.c **** *******************************************************************************/
 168:Generated_Source\PSoC4/cyfitter_cfg.c **** static void ClockSetup(void);
 169:Generated_Source\PSoC4/cyfitter_cfg.c **** CY_CFG_SECTION
 170:Generated_Source\PSoC4/cyfitter_cfg.c **** static void ClockSetup(void)
 171:Generated_Source\PSoC4/cyfitter_cfg.c **** {
 172:Generated_Source\PSoC4/cyfitter_cfg.c **** 
 173:Generated_Source\PSoC4/cyfitter_cfg.c **** 	/* Set Flash Cycles based on max possible frequency in case a glitch occurs during ClockSetup(). *
 174:Generated_Source\PSoC4/cyfitter_cfg.c **** 	CY_SET_REG32((void CYXDATA *)(CYREG_CPUSS_FLASH_CTL), (0x0011u));
 175:Generated_Source\PSoC4/cyfitter_cfg.c **** 	/* Update IMO to new clock speed. */
 176:Generated_Source\PSoC4/cyfitter_cfg.c **** 	CySysClkWriteImoFreq(24u);
 177:Generated_Source\PSoC4/cyfitter_cfg.c **** 
 178:Generated_Source\PSoC4/cyfitter_cfg.c **** 	/* Setup phase aligned clocks */
 179:Generated_Source\PSoC4/cyfitter_cfg.c **** 	CY_SET_REG32((void *)CYREG_PERI_DIV_16_CTL2, 0x00000000u);
 180:Generated_Source\PSoC4/cyfitter_cfg.c **** 	CY_SET_REG32((void *)CYREG_PERI_DIV_CMD, 0x8000FF42u);
 181:Generated_Source\PSoC4/cyfitter_cfg.c **** 	CY_SET_REG32((void *)CYREG_PERI_DIV_16_CTL0, 0x0000FE00u);
 182:Generated_Source\PSoC4/cyfitter_cfg.c **** 	CY_SET_REG32((void *)CYREG_PERI_DIV_CMD, 0x8000FF40u);
 183:Generated_Source\PSoC4/cyfitter_cfg.c **** 	CY_SET_REG32((void *)CYREG_PERI_DIV_16_CTL1, 0x0000FE00u);
 184:Generated_Source\PSoC4/cyfitter_cfg.c **** 	CY_SET_REG32((void *)CYREG_PERI_DIV_CMD, 0x8000FF41u);
 185:Generated_Source\PSoC4/cyfitter_cfg.c **** 
 186:Generated_Source\PSoC4/cyfitter_cfg.c **** 	/* CYDEV_CLK_SELECT Starting address: CYDEV_CLK_SELECT */
 187:Generated_Source\PSoC4/cyfitter_cfg.c **** 	CY_SET_REG32((void *)(CYREG_CLK_SELECT), 0x00000004u);
 188:Generated_Source\PSoC4/cyfitter_cfg.c **** 
 189:Generated_Source\PSoC4/cyfitter_cfg.c **** 	/* CYDEV_PERI_PCLK_CTL3 Starting address: CYDEV_PERI_PCLK_CTL3 */
 190:Generated_Source\PSoC4/cyfitter_cfg.c **** 	CY_SET_REG32((void *)(CYREG_PERI_PCLK_CTL3), 0x00000042u);
 191:Generated_Source\PSoC4/cyfitter_cfg.c **** 
 192:Generated_Source\PSoC4/cyfitter_cfg.c **** 	/* CYDEV_PERI_PCLK_CTL2 Starting address: CYDEV_PERI_PCLK_CTL2 */
 193:Generated_Source\PSoC4/cyfitter_cfg.c **** 	CY_SET_REG32((void *)(CYREG_PERI_PCLK_CTL2), 0x00000040u);
 194:Generated_Source\PSoC4/cyfitter_cfg.c **** 
 195:Generated_Source\PSoC4/cyfitter_cfg.c **** 	/* CYDEV_PERI_PCLK_CTL1 Starting address: CYDEV_PERI_PCLK_CTL1 */
 196:Generated_Source\PSoC4/cyfitter_cfg.c **** 	CY_SET_REG32((void *)(CYREG_PERI_PCLK_CTL1), 0x00000041u);
 197:Generated_Source\PSoC4/cyfitter_cfg.c **** 
 198:Generated_Source\PSoC4/cyfitter_cfg.c **** 	/* Set Flash Cycles based on newly configured 12.00MHz HFCLK. */
 199:Generated_Source\PSoC4/cyfitter_cfg.c **** 	CY_SET_REG32((void CYXDATA *)(CYREG_CPUSS_FLASH_CTL), (0x0000u));
 200:Generated_Source\PSoC4/cyfitter_cfg.c **** }
 201:Generated_Source\PSoC4/cyfitter_cfg.c **** 
ARM GAS  C:\Users\young\AppData\Local\Temp\cchsWuZu.s 			page 5


 202:Generated_Source\PSoC4/cyfitter_cfg.c **** 
 203:Generated_Source\PSoC4/cyfitter_cfg.c **** /* Analog API Functions */
 204:Generated_Source\PSoC4/cyfitter_cfg.c **** 
 205:Generated_Source\PSoC4/cyfitter_cfg.c **** 
 206:Generated_Source\PSoC4/cyfitter_cfg.c **** /*******************************************************************************
 207:Generated_Source\PSoC4/cyfitter_cfg.c **** * Function Name: AnalogSetDefault
 208:Generated_Source\PSoC4/cyfitter_cfg.c **** ********************************************************************************
 209:Generated_Source\PSoC4/cyfitter_cfg.c **** *
 210:Generated_Source\PSoC4/cyfitter_cfg.c **** * Summary:
 211:Generated_Source\PSoC4/cyfitter_cfg.c **** *  Sets up the analog portions of the chip to default values based on chip
 212:Generated_Source\PSoC4/cyfitter_cfg.c **** *  configuration options from the project.
 213:Generated_Source\PSoC4/cyfitter_cfg.c **** *
 214:Generated_Source\PSoC4/cyfitter_cfg.c **** * Parameters:
 215:Generated_Source\PSoC4/cyfitter_cfg.c **** *  void
 216:Generated_Source\PSoC4/cyfitter_cfg.c **** *
 217:Generated_Source\PSoC4/cyfitter_cfg.c **** * Return:
 218:Generated_Source\PSoC4/cyfitter_cfg.c **** *  void
 219:Generated_Source\PSoC4/cyfitter_cfg.c **** *
 220:Generated_Source\PSoC4/cyfitter_cfg.c **** *******************************************************************************/
 221:Generated_Source\PSoC4/cyfitter_cfg.c **** static void AnalogSetDefault(void);
 222:Generated_Source\PSoC4/cyfitter_cfg.c **** static void AnalogSetDefault(void)
 223:Generated_Source\PSoC4/cyfitter_cfg.c **** {
 224:Generated_Source\PSoC4/cyfitter_cfg.c **** 	/* Variable VDDA is selected; no pumps are enabled by default */
 225:Generated_Source\PSoC4/cyfitter_cfg.c **** }
 226:Generated_Source\PSoC4/cyfitter_cfg.c **** 
 227:Generated_Source\PSoC4/cyfitter_cfg.c **** 
 228:Generated_Source\PSoC4/cyfitter_cfg.c **** /*******************************************************************************
 229:Generated_Source\PSoC4/cyfitter_cfg.c **** * Function Name: SetAnalogRoutingPumps
 230:Generated_Source\PSoC4/cyfitter_cfg.c **** ********************************************************************************
 231:Generated_Source\PSoC4/cyfitter_cfg.c **** *
 232:Generated_Source\PSoC4/cyfitter_cfg.c **** * Summary:
 233:Generated_Source\PSoC4/cyfitter_cfg.c **** * Enables or disables the analog pumps feeding analog routing switches.
 234:Generated_Source\PSoC4/cyfitter_cfg.c **** * Intended to be called at startup, based on the Vdda system configuration;
 235:Generated_Source\PSoC4/cyfitter_cfg.c **** * may be called during operation when the user informs us that the Vdda voltage crossed the pump th
 236:Generated_Source\PSoC4/cyfitter_cfg.c **** *
 237:Generated_Source\PSoC4/cyfitter_cfg.c **** * Parameters:
 238:Generated_Source\PSoC4/cyfitter_cfg.c **** *  enabled - 1 to enable the pumps, 0 to disable the pumps
 239:Generated_Source\PSoC4/cyfitter_cfg.c **** *
 240:Generated_Source\PSoC4/cyfitter_cfg.c **** * Return:
 241:Generated_Source\PSoC4/cyfitter_cfg.c **** *  void
 242:Generated_Source\PSoC4/cyfitter_cfg.c **** *
 243:Generated_Source\PSoC4/cyfitter_cfg.c **** *******************************************************************************/
 244:Generated_Source\PSoC4/cyfitter_cfg.c **** void SetAnalogRoutingPumps(uint8 enabled)
 245:Generated_Source\PSoC4/cyfitter_cfg.c **** {
  28              		.loc 1 245 0
  29              		.cfi_startproc
  30              		@ args = 0, pretend = 0, frame = 0
  31              		@ frame_needed = 0, uses_anonymous_args = 0
  32              		@ link register save eliminated.
  33              	.LVL0:
 246:Generated_Source\PSoC4/cyfitter_cfg.c **** 	uint32 regValue = CY_GET_XTND_REG32((void *)(CYREG_HSIOM_PUMP_CTL));
  34              		.loc 1 246 0
  35 0000 0B4A     		ldr	r2, .L5
  36 0002 1368     		ldr	r3, [r2]
  37              	.LVL1:
 247:Generated_Source\PSoC4/cyfitter_cfg.c **** 	if (enabled != 0u)
  38              		.loc 1 247 0
ARM GAS  C:\Users\young\AppData\Local\Temp\cchsWuZu.s 			page 6


  39 0004 0028     		cmp	r0, #0
  40 0006 0AD0     		beq	.L2
 248:Generated_Source\PSoC4/cyfitter_cfg.c **** 	{
 249:Generated_Source\PSoC4/cyfitter_cfg.c **** 		regValue |= 0x80000000u;
  41              		.loc 1 249 0
  42 0008 8021     		movs	r1, #128
  43 000a 0906     		lsls	r1, r1, #24
  44 000c 0B43     		orrs	r3, r1
  45              	.LVL2:
 250:Generated_Source\PSoC4/cyfitter_cfg.c **** 	}
 251:Generated_Source\PSoC4/cyfitter_cfg.c **** 	else
 252:Generated_Source\PSoC4/cyfitter_cfg.c **** 	{
 253:Generated_Source\PSoC4/cyfitter_cfg.c **** 		regValue &= ~0x80000000u;
 254:Generated_Source\PSoC4/cyfitter_cfg.c **** 	}
 255:Generated_Source\PSoC4/cyfitter_cfg.c **** 	CY_SET_XTND_REG32((void *)(CYREG_HSIOM_PUMP_CTL), regValue);
  46              		.loc 1 255 0
  47 000e 1360     		str	r3, [r2]
 256:Generated_Source\PSoC4/cyfitter_cfg.c **** 	regValue = CY_GET_XTND_REG32((void *)(CYREG_CLK_SELECT));
  48              		.loc 1 256 0
  49 0010 084B     		ldr	r3, .L5+4
  50              	.LVL3:
  51 0012 1A68     		ldr	r2, [r3]
  52              	.LVL4:
 257:Generated_Source\PSoC4/cyfitter_cfg.c **** 	if (enabled != 0u)
 258:Generated_Source\PSoC4/cyfitter_cfg.c **** 	{
 259:Generated_Source\PSoC4/cyfitter_cfg.c **** 		regValue |= 0x00000020u;
  53              		.loc 1 259 0
  54 0014 2023     		movs	r3, #32
  55 0016 1343     		orrs	r3, r2
  56              	.LVL5:
  57              	.L3:
 260:Generated_Source\PSoC4/cyfitter_cfg.c **** 	}
 261:Generated_Source\PSoC4/cyfitter_cfg.c **** 	else
 262:Generated_Source\PSoC4/cyfitter_cfg.c **** 	{
 263:Generated_Source\PSoC4/cyfitter_cfg.c **** 		regValue &= ~0x00000020u;
 264:Generated_Source\PSoC4/cyfitter_cfg.c **** 	}
 265:Generated_Source\PSoC4/cyfitter_cfg.c **** 	CY_SET_XTND_REG32((void *)(CYREG_CLK_SELECT), regValue);
  58              		.loc 1 265 0
  59 0018 064A     		ldr	r2, .L5+4
 266:Generated_Source\PSoC4/cyfitter_cfg.c **** }
  60              		.loc 1 266 0
  61              		@ sp needed
 265:Generated_Source\PSoC4/cyfitter_cfg.c **** }
  62              		.loc 1 265 0
  63 001a 1360     		str	r3, [r2]
  64              		.loc 1 266 0
  65 001c 7047     		bx	lr
  66              	.L2:
 253:Generated_Source\PSoC4/cyfitter_cfg.c **** 	}
  67              		.loc 1 253 0
  68 001e 5B00     		lsls	r3, r3, #1
  69              	.LVL6:
  70 0020 5B08     		lsrs	r3, r3, #1
  71              	.LVL7:
 255:Generated_Source\PSoC4/cyfitter_cfg.c **** 	regValue = CY_GET_XTND_REG32((void *)(CYREG_CLK_SELECT));
  72              		.loc 1 255 0
  73 0022 1360     		str	r3, [r2]
ARM GAS  C:\Users\young\AppData\Local\Temp\cchsWuZu.s 			page 7


 263:Generated_Source\PSoC4/cyfitter_cfg.c **** 	}
  74              		.loc 1 263 0
  75 0024 2022     		movs	r2, #32
 256:Generated_Source\PSoC4/cyfitter_cfg.c **** 	if (enabled != 0u)
  76              		.loc 1 256 0
  77 0026 034B     		ldr	r3, .L5+4
  78              	.LVL8:
  79 0028 1B68     		ldr	r3, [r3]
  80              	.LVL9:
 263:Generated_Source\PSoC4/cyfitter_cfg.c **** 	}
  81              		.loc 1 263 0
  82 002a 9343     		bics	r3, r2
  83              	.LVL10:
  84 002c F4E7     		b	.L3
  85              	.L6:
  86 002e C046     		.align	2
  87              	.L5:
  88 0030 00200240 		.word	1073881088
  89 0034 28000340 		.word	1073938472
  90              		.cfi_endproc
  91              	.LFE5:
  92              		.size	SetAnalogRoutingPumps, .-SetAnalogRoutingPumps
  93              		.section	.psocinit,"ax",%progbits
  94              		.align	2
  95              		.global	cyfitter_cfg
  96              		.code	16
  97              		.thumb_func
  98              		.type	cyfitter_cfg, %function
  99              	cyfitter_cfg:
 100              	.LFB6:
 267:Generated_Source\PSoC4/cyfitter_cfg.c **** 
 268:Generated_Source\PSoC4/cyfitter_cfg.c **** 
 269:Generated_Source\PSoC4/cyfitter_cfg.c **** 
 270:Generated_Source\PSoC4/cyfitter_cfg.c **** 
 271:Generated_Source\PSoC4/cyfitter_cfg.c **** /*******************************************************************************
 272:Generated_Source\PSoC4/cyfitter_cfg.c **** * Function Name: cyfitter_cfg
 273:Generated_Source\PSoC4/cyfitter_cfg.c **** ********************************************************************************
 274:Generated_Source\PSoC4/cyfitter_cfg.c **** * Summary:
 275:Generated_Source\PSoC4/cyfitter_cfg.c **** *  This function is called by the start-up code for the selected device. It
 276:Generated_Source\PSoC4/cyfitter_cfg.c **** *  performs all of the necessary device configuration based on the design
 277:Generated_Source\PSoC4/cyfitter_cfg.c **** *  settings.  This includes settings from the Design Wide Resources (DWR) such
 278:Generated_Source\PSoC4/cyfitter_cfg.c **** *  as Clocks and Pins as well as any component configuration that is necessary.
 279:Generated_Source\PSoC4/cyfitter_cfg.c **** *
 280:Generated_Source\PSoC4/cyfitter_cfg.c **** * Parameters:
 281:Generated_Source\PSoC4/cyfitter_cfg.c **** *   void
 282:Generated_Source\PSoC4/cyfitter_cfg.c **** *
 283:Generated_Source\PSoC4/cyfitter_cfg.c **** * Return:
 284:Generated_Source\PSoC4/cyfitter_cfg.c **** *   void
 285:Generated_Source\PSoC4/cyfitter_cfg.c **** *
 286:Generated_Source\PSoC4/cyfitter_cfg.c **** *******************************************************************************/
 287:Generated_Source\PSoC4/cyfitter_cfg.c **** CY_CFG_SECTION
 288:Generated_Source\PSoC4/cyfitter_cfg.c **** void cyfitter_cfg(void)
 289:Generated_Source\PSoC4/cyfitter_cfg.c **** {
 101              		.loc 1 289 0
 102              		.cfi_startproc
 103              		@ args = 0, pretend = 0, frame = 0
 104              		@ frame_needed = 0, uses_anonymous_args = 0
ARM GAS  C:\Users\young\AppData\Local\Temp\cchsWuZu.s 			page 8


 105 0000 70B5     		push	{r4, r5, r6, lr}
 106              		.cfi_def_cfa_offset 16
 107              		.cfi_offset 4, -16
 108              		.cfi_offset 5, -12
 109              		.cfi_offset 6, -8
 110              		.cfi_offset 14, -4
 290:Generated_Source\PSoC4/cyfitter_cfg.c **** 	/* Disable interrupts by default. Let user enable if/when they want. */
 291:Generated_Source\PSoC4/cyfitter_cfg.c **** 	CyGlobalIntDisable;
 111              		.loc 1 291 0
 112              		.syntax divided
 113              	@ 291 "Generated_Source\PSoC4\cyfitter_cfg.c" 1
 114 0002 72B6     		CPSID   i
 115              	@ 0 "" 2
 292:Generated_Source\PSoC4/cyfitter_cfg.c **** 
 293:Generated_Source\PSoC4/cyfitter_cfg.c **** 	{
 294:Generated_Source\PSoC4/cyfitter_cfg.c **** 		/* FORCED_HSIOM Starting address: CYDEV_HSIOM_PORT_SEL3 */
 295:Generated_Source\PSoC4/cyfitter_cfg.c **** 		CY_SET_REG32((void *)(CYREG_HSIOM_PORT_SEL3), 0x00000000u);
 116              		.loc 1 295 0
 117              		.thumb
 118              		.syntax unified
 119 0004 0024     		movs	r4, #0
 120 0006 1E4B     		ldr	r3, .L8
 296:Generated_Source\PSoC4/cyfitter_cfg.c **** 
 297:Generated_Source\PSoC4/cyfitter_cfg.c **** 	}
 298:Generated_Source\PSoC4/cyfitter_cfg.c **** 
 299:Generated_Source\PSoC4/cyfitter_cfg.c **** 	/* Perform second pass device configuration. These items must be configured in specific order afte
 300:Generated_Source\PSoC4/cyfitter_cfg.c **** 	/* IOPINS0_0 Starting address: CYDEV_GPIO_PRT0_BASE */
 301:Generated_Source\PSoC4/cyfitter_cfg.c **** 	CY_SET_REG32((void *)(CYDEV_GPIO_PRT0_BASE), 0x00000010u);
 121              		.loc 1 301 0
 122 0008 1E4A     		ldr	r2, .L8+4
 295:Generated_Source\PSoC4/cyfitter_cfg.c **** 
 123              		.loc 1 295 0
 124 000a 1C60     		str	r4, [r3]
 125              		.loc 1 301 0
 126 000c 1023     		movs	r3, #16
 302:Generated_Source\PSoC4/cyfitter_cfg.c **** 	CY_SET_REG32((void *)(CYREG_GPIO_PRT0_PC), 0x001B01B6u);
 127              		.loc 1 302 0
 128 000e 1E49     		ldr	r1, .L8+8
 301:Generated_Source\PSoC4/cyfitter_cfg.c **** 	CY_SET_REG32((void *)(CYREG_GPIO_PRT0_PC), 0x001B01B6u);
 129              		.loc 1 301 0
 130 0010 1360     		str	r3, [r2]
 131              		.loc 1 302 0
 132 0012 1E4A     		ldr	r2, .L8+12
 133              	.LBB6:
 134              	.LBB7:
 174:Generated_Source\PSoC4/cyfitter_cfg.c **** 	/* Update IMO to new clock speed. */
 135              		.loc 1 174 0
 136 0014 1E4D     		ldr	r5, .L8+16
 137              	.LBE7:
 138              	.LBE6:
 139              		.loc 1 302 0
 140 0016 1160     		str	r1, [r2]
 303:Generated_Source\PSoC4/cyfitter_cfg.c **** 	CY_SET_REG32((void *)(CYREG_GPIO_PRT0_PC2), 0x00000010u);
 304:Generated_Source\PSoC4/cyfitter_cfg.c **** 
 305:Generated_Source\PSoC4/cyfitter_cfg.c **** 	/* IOPINS0_1 Starting address: CYDEV_GPIO_PRT1_BASE */
 306:Generated_Source\PSoC4/cyfitter_cfg.c **** 	CY_SET_REG32((void *)(CYDEV_GPIO_PRT1_BASE), 0x0000003Fu);
 307:Generated_Source\PSoC4/cyfitter_cfg.c **** 	CY_SET_REG32((void *)(CYREG_GPIO_PRT1_PC), 0x00180000u);
ARM GAS  C:\Users\young\AppData\Local\Temp\cchsWuZu.s 			page 9


 141              		.loc 1 307 0
 142 0018 C021     		movs	r1, #192
 303:Generated_Source\PSoC4/cyfitter_cfg.c **** 	CY_SET_REG32((void *)(CYREG_GPIO_PRT0_PC2), 0x00000010u);
 143              		.loc 1 303 0
 144 001a 1E4A     		ldr	r2, .L8+20
 145              		.loc 1 307 0
 146 001c 4903     		lsls	r1, r1, #13
 303:Generated_Source\PSoC4/cyfitter_cfg.c **** 	CY_SET_REG32((void *)(CYREG_GPIO_PRT0_PC2), 0x00000010u);
 147              		.loc 1 303 0
 148 001e 1360     		str	r3, [r2]
 306:Generated_Source\PSoC4/cyfitter_cfg.c **** 	CY_SET_REG32((void *)(CYREG_GPIO_PRT1_PC), 0x00180000u);
 149              		.loc 1 306 0
 150 0020 1D4A     		ldr	r2, .L8+24
 151 0022 2F33     		adds	r3, r3, #47
 152 0024 1360     		str	r3, [r2]
 153              		.loc 1 307 0
 154 0026 1D4A     		ldr	r2, .L8+28
 155              	.LBB10:
 156              	.LBB8:
 176:Generated_Source\PSoC4/cyfitter_cfg.c **** 
 157              		.loc 1 176 0
 158 0028 1820     		movs	r0, #24
 159              	.LBE8:
 160              	.LBE10:
 161              		.loc 1 307 0
 162 002a 1160     		str	r1, [r2]
 308:Generated_Source\PSoC4/cyfitter_cfg.c **** 	CY_SET_REG32((void *)(CYREG_GPIO_PRT1_PC2), 0x0000003Fu);
 163              		.loc 1 308 0
 164 002c 1C4A     		ldr	r2, .L8+32
 309:Generated_Source\PSoC4/cyfitter_cfg.c **** 
 310:Generated_Source\PSoC4/cyfitter_cfg.c **** 	/* IOPINS0_3 Starting address: CYDEV_GPIO_PRT3_BASE */
 311:Generated_Source\PSoC4/cyfitter_cfg.c **** 	CY_SET_REG32((void *)(CYDEV_GPIO_PRT3_BASE), 0x00000007u);
 312:Generated_Source\PSoC4/cyfitter_cfg.c **** 	CY_SET_REG32((void *)(CYREG_GPIO_PRT3_PC), 0x000001B6u);
 313:Generated_Source\PSoC4/cyfitter_cfg.c **** 
 314:Generated_Source\PSoC4/cyfitter_cfg.c **** 
 315:Generated_Source\PSoC4/cyfitter_cfg.c **** 	/* Setup clocks based on selections from Clock DWR */
 316:Generated_Source\PSoC4/cyfitter_cfg.c **** 	ClockSetup();
 317:Generated_Source\PSoC4/cyfitter_cfg.c **** 
 318:Generated_Source\PSoC4/cyfitter_cfg.c **** 	/* Perform basic analog initialization to defaults */
 319:Generated_Source\PSoC4/cyfitter_cfg.c **** 	AnalogSetDefault();
 320:Generated_Source\PSoC4/cyfitter_cfg.c **** 
 321:Generated_Source\PSoC4/cyfitter_cfg.c **** }
 165              		.loc 1 321 0
 166              		@ sp needed
 308:Generated_Source\PSoC4/cyfitter_cfg.c **** 	CY_SET_REG32((void *)(CYREG_GPIO_PRT1_PC2), 0x0000003Fu);
 167              		.loc 1 308 0
 168 002e 1360     		str	r3, [r2]
 311:Generated_Source\PSoC4/cyfitter_cfg.c **** 	CY_SET_REG32((void *)(CYREG_GPIO_PRT3_PC), 0x000001B6u);
 169              		.loc 1 311 0
 170 0030 0722     		movs	r2, #7
 171 0032 1C4B     		ldr	r3, .L8+36
 172 0034 1A60     		str	r2, [r3]
 312:Generated_Source\PSoC4/cyfitter_cfg.c **** 
 173              		.loc 1 312 0
 174 0036 1C4B     		ldr	r3, .L8+40
 175 0038 B032     		adds	r2, r2, #176
 176 003a FF32     		adds	r2, r2, #255
ARM GAS  C:\Users\young\AppData\Local\Temp\cchsWuZu.s 			page 10


 177 003c 1A60     		str	r2, [r3]
 178              	.LBB11:
 179              	.LBB9:
 174:Generated_Source\PSoC4/cyfitter_cfg.c **** 	/* Update IMO to new clock speed. */
 180              		.loc 1 174 0
 181 003e 1123     		movs	r3, #17
 182 0040 2B60     		str	r3, [r5]
 176:Generated_Source\PSoC4/cyfitter_cfg.c **** 
 183              		.loc 1 176 0
 184 0042 FFF7FEFF 		bl	CySysClkWriteImoFreq
 185              	.LVL11:
 179:Generated_Source\PSoC4/cyfitter_cfg.c **** 	CY_SET_REG32((void *)CYREG_PERI_DIV_CMD, 0x8000FF42u);
 186              		.loc 1 179 0
 187 0046 194B     		ldr	r3, .L8+44
 180:Generated_Source\PSoC4/cyfitter_cfg.c **** 	CY_SET_REG32((void *)CYREG_PERI_DIV_16_CTL0, 0x0000FE00u);
 188              		.loc 1 180 0
 189 0048 194A     		ldr	r2, .L8+48
 179:Generated_Source\PSoC4/cyfitter_cfg.c **** 	CY_SET_REG32((void *)CYREG_PERI_DIV_CMD, 0x8000FF42u);
 190              		.loc 1 179 0
 191 004a 1C60     		str	r4, [r3]
 180:Generated_Source\PSoC4/cyfitter_cfg.c **** 	CY_SET_REG32((void *)CYREG_PERI_DIV_16_CTL0, 0x0000FE00u);
 192              		.loc 1 180 0
 193 004c 194B     		ldr	r3, .L8+52
 181:Generated_Source\PSoC4/cyfitter_cfg.c **** 	CY_SET_REG32((void *)CYREG_PERI_DIV_CMD, 0x8000FF40u);
 194              		.loc 1 181 0
 195 004e 1A49     		ldr	r1, .L8+56
 180:Generated_Source\PSoC4/cyfitter_cfg.c **** 	CY_SET_REG32((void *)CYREG_PERI_DIV_16_CTL0, 0x0000FE00u);
 196              		.loc 1 180 0
 197 0050 1A60     		str	r2, [r3]
 181:Generated_Source\PSoC4/cyfitter_cfg.c **** 	CY_SET_REG32((void *)CYREG_PERI_DIV_CMD, 0x8000FF40u);
 198              		.loc 1 181 0
 199 0052 FE22     		movs	r2, #254
 200 0054 1202     		lsls	r2, r2, #8
 201 0056 0A60     		str	r2, [r1]
 182:Generated_Source\PSoC4/cyfitter_cfg.c **** 	CY_SET_REG32((void *)CYREG_PERI_DIV_16_CTL1, 0x0000FE00u);
 202              		.loc 1 182 0
 203 0058 1849     		ldr	r1, .L8+60
 204 005a 1960     		str	r1, [r3]
 183:Generated_Source\PSoC4/cyfitter_cfg.c **** 	CY_SET_REG32((void *)CYREG_PERI_DIV_CMD, 0x8000FF41u);
 205              		.loc 1 183 0
 206 005c 1849     		ldr	r1, .L8+64
 207 005e 0A60     		str	r2, [r1]
 184:Generated_Source\PSoC4/cyfitter_cfg.c **** 
 208              		.loc 1 184 0
 209 0060 184A     		ldr	r2, .L8+68
 210 0062 1A60     		str	r2, [r3]
 187:Generated_Source\PSoC4/cyfitter_cfg.c **** 
 211              		.loc 1 187 0
 212 0064 0422     		movs	r2, #4
 213 0066 184B     		ldr	r3, .L8+72
 214 0068 1A60     		str	r2, [r3]
 190:Generated_Source\PSoC4/cyfitter_cfg.c **** 
 215              		.loc 1 190 0
 216 006a 184B     		ldr	r3, .L8+76
 217 006c 3E32     		adds	r2, r2, #62
 218 006e 1A60     		str	r2, [r3]
 193:Generated_Source\PSoC4/cyfitter_cfg.c **** 
ARM GAS  C:\Users\young\AppData\Local\Temp\cchsWuZu.s 			page 11


 219              		.loc 1 193 0
 220 0070 174B     		ldr	r3, .L8+80
 221 0072 023A     		subs	r2, r2, #2
 222 0074 1A60     		str	r2, [r3]
 196:Generated_Source\PSoC4/cyfitter_cfg.c **** 
 223              		.loc 1 196 0
 224 0076 174B     		ldr	r3, .L8+84
 225 0078 0132     		adds	r2, r2, #1
 226 007a 1A60     		str	r2, [r3]
 199:Generated_Source\PSoC4/cyfitter_cfg.c **** }
 227              		.loc 1 199 0
 228 007c 2C60     		str	r4, [r5]
 229              	.LBE9:
 230              	.LBE11:
 231              		.loc 1 321 0
 232 007e 70BD     		pop	{r4, r5, r6, pc}
 233              	.L9:
 234              		.align	2
 235              	.L8:
 236 0080 00030240 		.word	1073873664
 237 0084 00000440 		.word	1074003968
 238 0088 B6011B00 		.word	1769910
 239 008c 08000440 		.word	1074003976
 240 0090 30001040 		.word	1074790448
 241 0094 18000440 		.word	1074003992
 242 0098 00010440 		.word	1074004224
 243 009c 08010440 		.word	1074004232
 244 00a0 18010440 		.word	1074004248
 245 00a4 00030440 		.word	1074004736
 246 00a8 08030440 		.word	1074004744
 247 00ac 08030140 		.word	1073808136
 248 00b0 42FF0080 		.word	-2147418302
 249 00b4 00000140 		.word	1073807360
 250 00b8 00030140 		.word	1073808128
 251 00bc 40FF0080 		.word	-2147418304
 252 00c0 04030140 		.word	1073808132
 253 00c4 41FF0080 		.word	-2147418303
 254 00c8 28000340 		.word	1073938472
 255 00cc 0C010140 		.word	1073807628
 256 00d0 08010140 		.word	1073807624
 257 00d4 04010140 		.word	1073807620
 258              		.cfi_endproc
 259              	.LFE6:
 260              		.size	cyfitter_cfg, .-cyfitter_cfg
 261              		.text
 262              	.Letext0:
 263              		.file 2 "Generated_Source\\PSoC4\\cytypes.h"
 264              		.file 3 "Generated_Source\\PSoC4\\CyLib.h"
 265              		.section	.debug_info,"",%progbits
 266              	.Ldebug_info0:
 267 0000 38010000 		.4byte	0x138
 268 0004 0400     		.2byte	0x4
 269 0006 00000000 		.4byte	.Ldebug_abbrev0
 270 000a 04       		.byte	0x4
 271 000b 01       		.uleb128 0x1
 272 000c 34010000 		.4byte	.LASF21
 273 0010 0C       		.byte	0xc
ARM GAS  C:\Users\young\AppData\Local\Temp\cchsWuZu.s 			page 12


 274 0011 15000000 		.4byte	.LASF22
 275 0015 C3000000 		.4byte	.LASF23
 276 0019 20000000 		.4byte	.Ldebug_ranges0+0x20
 277 001d 00000000 		.4byte	0
 278 0021 00000000 		.4byte	.Ldebug_line0
 279 0025 02       		.uleb128 0x2
 280 0026 04       		.byte	0x4
 281 0027 05       		.byte	0x5
 282 0028 696E7400 		.ascii	"int\000"
 283 002c 03       		.uleb128 0x3
 284 002d 04       		.byte	0x4
 285 002e 07       		.byte	0x7
 286 002f 3B000000 		.4byte	.LASF0
 287 0033 03       		.uleb128 0x3
 288 0034 08       		.byte	0x8
 289 0035 05       		.byte	0x5
 290 0036 00000000 		.4byte	.LASF1
 291 003a 03       		.uleb128 0x3
 292 003b 08       		.byte	0x8
 293 003c 04       		.byte	0x4
 294 003d 13020000 		.4byte	.LASF2
 295 0041 03       		.uleb128 0x3
 296 0042 01       		.byte	0x1
 297 0043 06       		.byte	0x6
 298 0044 07020000 		.4byte	.LASF3
 299 0048 03       		.uleb128 0x3
 300 0049 01       		.byte	0x1
 301 004a 08       		.byte	0x8
 302 004b 48000000 		.4byte	.LASF4
 303 004f 03       		.uleb128 0x3
 304 0050 02       		.byte	0x2
 305 0051 05       		.byte	0x5
 306 0052 30020000 		.4byte	.LASF5
 307 0056 03       		.uleb128 0x3
 308 0057 02       		.byte	0x2
 309 0058 07       		.byte	0x7
 310 0059 F4010000 		.4byte	.LASF6
 311 005d 03       		.uleb128 0x3
 312 005e 04       		.byte	0x4
 313 005f 05       		.byte	0x5
 314 0060 C2010000 		.4byte	.LASF7
 315 0064 03       		.uleb128 0x3
 316 0065 04       		.byte	0x4
 317 0066 07       		.byte	0x7
 318 0067 5C000000 		.4byte	.LASF8
 319 006b 03       		.uleb128 0x3
 320 006c 08       		.byte	0x8
 321 006d 07       		.byte	0x7
 322 006e 7B000000 		.4byte	.LASF9
 323 0072 03       		.uleb128 0x3
 324 0073 04       		.byte	0x4
 325 0074 07       		.byte	0x7
 326 0075 3A020000 		.4byte	.LASF10
 327 0079 03       		.uleb128 0x3
 328 007a 01       		.byte	0x1
 329 007b 08       		.byte	0x8
 330 007c 2F010000 		.4byte	.LASF11
ARM GAS  C:\Users\young\AppData\Local\Temp\cchsWuZu.s 			page 13


 331 0080 04       		.uleb128 0x4
 332 0081 56000000 		.4byte	.LASF12
 333 0085 02       		.byte	0x2
 334 0086 D201     		.2byte	0x1d2
 335 0088 48000000 		.4byte	0x48
 336 008c 04       		.uleb128 0x4
 337 008d 0E000000 		.4byte	.LASF13
 338 0091 02       		.byte	0x2
 339 0092 D401     		.2byte	0x1d4
 340 0094 64000000 		.4byte	0x64
 341 0098 03       		.uleb128 0x3
 342 0099 04       		.byte	0x4
 343 009a 04       		.byte	0x4
 344 009b 92000000 		.4byte	.LASF14
 345 009f 03       		.uleb128 0x3
 346 00a0 08       		.byte	0x8
 347 00a1 04       		.byte	0x4
 348 00a2 E7010000 		.4byte	.LASF15
 349 00a6 04       		.uleb128 0x4
 350 00a7 EE010000 		.4byte	.LASF16
 351 00ab 02       		.byte	0x2
 352 00ac 7E02     		.2byte	0x27e
 353 00ae B2000000 		.4byte	0xb2
 354 00b2 05       		.uleb128 0x5
 355 00b3 8C000000 		.4byte	0x8c
 356 00b7 06       		.uleb128 0x6
 357 00b8 CB010000 		.4byte	.LASF17
 358 00bc 01       		.byte	0x1
 359 00bd DE       		.byte	0xde
 360 00be 01       		.byte	0x1
 361 00bf 07       		.uleb128 0x7
 362 00c0 98000000 		.4byte	.LASF19
 363 00c4 01       		.byte	0x1
 364 00c5 F4       		.byte	0xf4
 365 00c6 00000000 		.4byte	.LFB5
 366 00ca 38000000 		.4byte	.LFE5-.LFB5
 367 00ce 01       		.uleb128 0x1
 368 00cf 9C       		.byte	0x9c
 369 00d0 F1000000 		.4byte	0xf1
 370 00d4 08       		.uleb128 0x8
 371 00d5 1F020000 		.4byte	.LASF24
 372 00d9 01       		.byte	0x1
 373 00da F4       		.byte	0xf4
 374 00db 80000000 		.4byte	0x80
 375 00df 01       		.uleb128 0x1
 376 00e0 50       		.byte	0x50
 377 00e1 09       		.uleb128 0x9
 378 00e2 27020000 		.4byte	.LASF25
 379 00e6 01       		.byte	0x1
 380 00e7 F6       		.byte	0xf6
 381 00e8 8C000000 		.4byte	0x8c
 382 00ec 00000000 		.4byte	.LLST0
 383 00f0 00       		.byte	0
 384 00f1 06       		.uleb128 0x6
 385 00f2 DC010000 		.4byte	.LASF18
 386 00f6 01       		.byte	0x1
 387 00f7 AA       		.byte	0xaa
ARM GAS  C:\Users\young\AppData\Local\Temp\cchsWuZu.s 			page 14


 388 00f8 01       		.byte	0x1
 389 00f9 0A       		.uleb128 0xa
 390 00fa 6E000000 		.4byte	.LASF20
 391 00fe 01       		.byte	0x1
 392 00ff 2001     		.2byte	0x120
 393 0101 00000000 		.4byte	.LFB6
 394 0105 D8000000 		.4byte	.LFE6-.LFB6
 395 0109 01       		.uleb128 0x1
 396 010a 9C       		.byte	0x9c
 397 010b 30010000 		.4byte	0x130
 398 010f 0B       		.uleb128 0xb
 399 0110 F1000000 		.4byte	0xf1
 400 0114 14000000 		.4byte	.LBB6
 401 0118 00000000 		.4byte	.Ldebug_ranges0+0
 402 011c 01       		.byte	0x1
 403 011d 3C01     		.2byte	0x13c
 404 011f 0C       		.uleb128 0xc
 405 0120 46000000 		.4byte	.LVL11
 406 0124 30010000 		.4byte	0x130
 407 0128 0D       		.uleb128 0xd
 408 0129 01       		.uleb128 0x1
 409 012a 50       		.byte	0x50
 410 012b 01       		.uleb128 0x1
 411 012c 48       		.byte	0x48
 412 012d 00       		.byte	0
 413 012e 00       		.byte	0
 414 012f 00       		.byte	0
 415 0130 0E       		.uleb128 0xe
 416 0131 AE000000 		.4byte	.LASF26
 417 0135 AE000000 		.4byte	.LASF26
 418 0139 03       		.byte	0x3
 419 013a 6C       		.byte	0x6c
 420 013b 00       		.byte	0
 421              		.section	.debug_abbrev,"",%progbits
 422              	.Ldebug_abbrev0:
 423 0000 01       		.uleb128 0x1
 424 0001 11       		.uleb128 0x11
 425 0002 01       		.byte	0x1
 426 0003 25       		.uleb128 0x25
 427 0004 0E       		.uleb128 0xe
 428 0005 13       		.uleb128 0x13
 429 0006 0B       		.uleb128 0xb
 430 0007 03       		.uleb128 0x3
 431 0008 0E       		.uleb128 0xe
 432 0009 1B       		.uleb128 0x1b
 433 000a 0E       		.uleb128 0xe
 434 000b 55       		.uleb128 0x55
 435 000c 17       		.uleb128 0x17
 436 000d 11       		.uleb128 0x11
 437 000e 01       		.uleb128 0x1
 438 000f 10       		.uleb128 0x10
 439 0010 17       		.uleb128 0x17
 440 0011 00       		.byte	0
 441 0012 00       		.byte	0
 442 0013 02       		.uleb128 0x2
 443 0014 24       		.uleb128 0x24
 444 0015 00       		.byte	0
ARM GAS  C:\Users\young\AppData\Local\Temp\cchsWuZu.s 			page 15


 445 0016 0B       		.uleb128 0xb
 446 0017 0B       		.uleb128 0xb
 447 0018 3E       		.uleb128 0x3e
 448 0019 0B       		.uleb128 0xb
 449 001a 03       		.uleb128 0x3
 450 001b 08       		.uleb128 0x8
 451 001c 00       		.byte	0
 452 001d 00       		.byte	0
 453 001e 03       		.uleb128 0x3
 454 001f 24       		.uleb128 0x24
 455 0020 00       		.byte	0
 456 0021 0B       		.uleb128 0xb
 457 0022 0B       		.uleb128 0xb
 458 0023 3E       		.uleb128 0x3e
 459 0024 0B       		.uleb128 0xb
 460 0025 03       		.uleb128 0x3
 461 0026 0E       		.uleb128 0xe
 462 0027 00       		.byte	0
 463 0028 00       		.byte	0
 464 0029 04       		.uleb128 0x4
 465 002a 16       		.uleb128 0x16
 466 002b 00       		.byte	0
 467 002c 03       		.uleb128 0x3
 468 002d 0E       		.uleb128 0xe
 469 002e 3A       		.uleb128 0x3a
 470 002f 0B       		.uleb128 0xb
 471 0030 3B       		.uleb128 0x3b
 472 0031 05       		.uleb128 0x5
 473 0032 49       		.uleb128 0x49
 474 0033 13       		.uleb128 0x13
 475 0034 00       		.byte	0
 476 0035 00       		.byte	0
 477 0036 05       		.uleb128 0x5
 478 0037 35       		.uleb128 0x35
 479 0038 00       		.byte	0
 480 0039 49       		.uleb128 0x49
 481 003a 13       		.uleb128 0x13
 482 003b 00       		.byte	0
 483 003c 00       		.byte	0
 484 003d 06       		.uleb128 0x6
 485 003e 2E       		.uleb128 0x2e
 486 003f 00       		.byte	0
 487 0040 03       		.uleb128 0x3
 488 0041 0E       		.uleb128 0xe
 489 0042 3A       		.uleb128 0x3a
 490 0043 0B       		.uleb128 0xb
 491 0044 3B       		.uleb128 0x3b
 492 0045 0B       		.uleb128 0xb
 493 0046 27       		.uleb128 0x27
 494 0047 19       		.uleb128 0x19
 495 0048 20       		.uleb128 0x20
 496 0049 0B       		.uleb128 0xb
 497 004a 00       		.byte	0
 498 004b 00       		.byte	0
 499 004c 07       		.uleb128 0x7
 500 004d 2E       		.uleb128 0x2e
 501 004e 01       		.byte	0x1
ARM GAS  C:\Users\young\AppData\Local\Temp\cchsWuZu.s 			page 16


 502 004f 3F       		.uleb128 0x3f
 503 0050 19       		.uleb128 0x19
 504 0051 03       		.uleb128 0x3
 505 0052 0E       		.uleb128 0xe
 506 0053 3A       		.uleb128 0x3a
 507 0054 0B       		.uleb128 0xb
 508 0055 3B       		.uleb128 0x3b
 509 0056 0B       		.uleb128 0xb
 510 0057 27       		.uleb128 0x27
 511 0058 19       		.uleb128 0x19
 512 0059 11       		.uleb128 0x11
 513 005a 01       		.uleb128 0x1
 514 005b 12       		.uleb128 0x12
 515 005c 06       		.uleb128 0x6
 516 005d 40       		.uleb128 0x40
 517 005e 18       		.uleb128 0x18
 518 005f 9742     		.uleb128 0x2117
 519 0061 19       		.uleb128 0x19
 520 0062 01       		.uleb128 0x1
 521 0063 13       		.uleb128 0x13
 522 0064 00       		.byte	0
 523 0065 00       		.byte	0
 524 0066 08       		.uleb128 0x8
 525 0067 05       		.uleb128 0x5
 526 0068 00       		.byte	0
 527 0069 03       		.uleb128 0x3
 528 006a 0E       		.uleb128 0xe
 529 006b 3A       		.uleb128 0x3a
 530 006c 0B       		.uleb128 0xb
 531 006d 3B       		.uleb128 0x3b
 532 006e 0B       		.uleb128 0xb
 533 006f 49       		.uleb128 0x49
 534 0070 13       		.uleb128 0x13
 535 0071 02       		.uleb128 0x2
 536 0072 18       		.uleb128 0x18
 537 0073 00       		.byte	0
 538 0074 00       		.byte	0
 539 0075 09       		.uleb128 0x9
 540 0076 34       		.uleb128 0x34
 541 0077 00       		.byte	0
 542 0078 03       		.uleb128 0x3
 543 0079 0E       		.uleb128 0xe
 544 007a 3A       		.uleb128 0x3a
 545 007b 0B       		.uleb128 0xb
 546 007c 3B       		.uleb128 0x3b
 547 007d 0B       		.uleb128 0xb
 548 007e 49       		.uleb128 0x49
 549 007f 13       		.uleb128 0x13
 550 0080 02       		.uleb128 0x2
 551 0081 17       		.uleb128 0x17
 552 0082 00       		.byte	0
 553 0083 00       		.byte	0
 554 0084 0A       		.uleb128 0xa
 555 0085 2E       		.uleb128 0x2e
 556 0086 01       		.byte	0x1
 557 0087 3F       		.uleb128 0x3f
 558 0088 19       		.uleb128 0x19
ARM GAS  C:\Users\young\AppData\Local\Temp\cchsWuZu.s 			page 17


 559 0089 03       		.uleb128 0x3
 560 008a 0E       		.uleb128 0xe
 561 008b 3A       		.uleb128 0x3a
 562 008c 0B       		.uleb128 0xb
 563 008d 3B       		.uleb128 0x3b
 564 008e 05       		.uleb128 0x5
 565 008f 27       		.uleb128 0x27
 566 0090 19       		.uleb128 0x19
 567 0091 11       		.uleb128 0x11
 568 0092 01       		.uleb128 0x1
 569 0093 12       		.uleb128 0x12
 570 0094 06       		.uleb128 0x6
 571 0095 40       		.uleb128 0x40
 572 0096 18       		.uleb128 0x18
 573 0097 9742     		.uleb128 0x2117
 574 0099 19       		.uleb128 0x19
 575 009a 01       		.uleb128 0x1
 576 009b 13       		.uleb128 0x13
 577 009c 00       		.byte	0
 578 009d 00       		.byte	0
 579 009e 0B       		.uleb128 0xb
 580 009f 1D       		.uleb128 0x1d
 581 00a0 01       		.byte	0x1
 582 00a1 31       		.uleb128 0x31
 583 00a2 13       		.uleb128 0x13
 584 00a3 52       		.uleb128 0x52
 585 00a4 01       		.uleb128 0x1
 586 00a5 55       		.uleb128 0x55
 587 00a6 17       		.uleb128 0x17
 588 00a7 58       		.uleb128 0x58
 589 00a8 0B       		.uleb128 0xb
 590 00a9 59       		.uleb128 0x59
 591 00aa 05       		.uleb128 0x5
 592 00ab 00       		.byte	0
 593 00ac 00       		.byte	0
 594 00ad 0C       		.uleb128 0xc
 595 00ae 898201   		.uleb128 0x4109
 596 00b1 01       		.byte	0x1
 597 00b2 11       		.uleb128 0x11
 598 00b3 01       		.uleb128 0x1
 599 00b4 31       		.uleb128 0x31
 600 00b5 13       		.uleb128 0x13
 601 00b6 00       		.byte	0
 602 00b7 00       		.byte	0
 603 00b8 0D       		.uleb128 0xd
 604 00b9 8A8201   		.uleb128 0x410a
 605 00bc 00       		.byte	0
 606 00bd 02       		.uleb128 0x2
 607 00be 18       		.uleb128 0x18
 608 00bf 9142     		.uleb128 0x2111
 609 00c1 18       		.uleb128 0x18
 610 00c2 00       		.byte	0
 611 00c3 00       		.byte	0
 612 00c4 0E       		.uleb128 0xe
 613 00c5 2E       		.uleb128 0x2e
 614 00c6 00       		.byte	0
 615 00c7 3F       		.uleb128 0x3f
ARM GAS  C:\Users\young\AppData\Local\Temp\cchsWuZu.s 			page 18


 616 00c8 19       		.uleb128 0x19
 617 00c9 3C       		.uleb128 0x3c
 618 00ca 19       		.uleb128 0x19
 619 00cb 6E       		.uleb128 0x6e
 620 00cc 0E       		.uleb128 0xe
 621 00cd 03       		.uleb128 0x3
 622 00ce 0E       		.uleb128 0xe
 623 00cf 3A       		.uleb128 0x3a
 624 00d0 0B       		.uleb128 0xb
 625 00d1 3B       		.uleb128 0x3b
 626 00d2 0B       		.uleb128 0xb
 627 00d3 00       		.byte	0
 628 00d4 00       		.byte	0
 629 00d5 00       		.byte	0
 630              		.section	.debug_loc,"",%progbits
 631              	.Ldebug_loc0:
 632              	.LLST0:
 633 0000 04000000 		.4byte	.LVL1
 634 0004 12000000 		.4byte	.LVL3
 635 0008 0100     		.2byte	0x1
 636 000a 53       		.byte	0x53
 637 000b 12000000 		.4byte	.LVL3
 638 000f 14000000 		.4byte	.LVL4
 639 0013 0200     		.2byte	0x2
 640 0015 72       		.byte	0x72
 641 0016 00       		.sleb128 0
 642 0017 14000000 		.4byte	.LVL4
 643 001b 18000000 		.4byte	.LVL5
 644 001f 0100     		.2byte	0x1
 645 0021 52       		.byte	0x52
 646 0022 18000000 		.4byte	.LVL5
 647 0026 20000000 		.4byte	.LVL6
 648 002a 0100     		.2byte	0x1
 649 002c 53       		.byte	0x53
 650 002d 22000000 		.4byte	.LVL7
 651 0031 28000000 		.4byte	.LVL8
 652 0035 0100     		.2byte	0x1
 653 0037 53       		.byte	0x53
 654 0038 28000000 		.4byte	.LVL8
 655 003c 2A000000 		.4byte	.LVL9
 656 0040 0500     		.2byte	0x5
 657 0042 0C       		.byte	0xc
 658 0043 00200240 		.4byte	0x40022000
 659 0047 2A000000 		.4byte	.LVL9
 660 004b 38000000 		.4byte	.LFE5
 661 004f 0100     		.2byte	0x1
 662 0051 53       		.byte	0x53
 663 0052 00000000 		.4byte	0
 664 0056 00000000 		.4byte	0
 665              		.section	.debug_aranges,"",%progbits
 666 0000 24000000 		.4byte	0x24
 667 0004 0200     		.2byte	0x2
 668 0006 00000000 		.4byte	.Ldebug_info0
 669 000a 04       		.byte	0x4
 670 000b 00       		.byte	0
 671 000c 0000     		.2byte	0
 672 000e 0000     		.2byte	0
ARM GAS  C:\Users\young\AppData\Local\Temp\cchsWuZu.s 			page 19


 673 0010 00000000 		.4byte	.LFB5
 674 0014 38000000 		.4byte	.LFE5-.LFB5
 675 0018 00000000 		.4byte	.LFB6
 676 001c D8000000 		.4byte	.LFE6-.LFB6
 677 0020 00000000 		.4byte	0
 678 0024 00000000 		.4byte	0
 679              		.section	.debug_ranges,"",%progbits
 680              	.Ldebug_ranges0:
 681 0000 14000000 		.4byte	.LBB6
 682 0004 16000000 		.4byte	.LBE6
 683 0008 28000000 		.4byte	.LBB10
 684 000c 2A000000 		.4byte	.LBE10
 685 0010 3E000000 		.4byte	.LBB11
 686 0014 7E000000 		.4byte	.LBE11
 687 0018 00000000 		.4byte	0
 688 001c 00000000 		.4byte	0
 689 0020 00000000 		.4byte	.LFB5
 690 0024 38000000 		.4byte	.LFE5
 691 0028 00000000 		.4byte	.LFB6
 692 002c D8000000 		.4byte	.LFE6
 693 0030 00000000 		.4byte	0
 694 0034 00000000 		.4byte	0
 695              		.section	.debug_line,"",%progbits
 696              	.Ldebug_line0:
 697 0000 CE000000 		.section	.debug_str,"MS",%progbits,1
 697      02005400 
 697      00000201 
 697      FB0E0D00 
 697      01010101 
 698              	.LASF1:
 699 0000 6C6F6E67 		.ascii	"long long int\000"
 699      206C6F6E 
 699      6720696E 
 699      7400
 700              	.LASF13:
 701 000e 75696E74 		.ascii	"uint32\000"
 701      333200
 702              	.LASF22:
 703 0015 47656E65 		.ascii	"Generated_Source\\PSoC4\\cyfitter_cfg.c\000"
 703      72617465 
 703      645F536F 
 703      75726365 
 703      5C50536F 
 704              	.LASF0:
 705 003b 756E7369 		.ascii	"unsigned int\000"
 705      676E6564 
 705      20696E74 
 705      00
 706              	.LASF4:
 707 0048 756E7369 		.ascii	"unsigned char\000"
 707      676E6564 
 707      20636861 
 707      7200
 708              	.LASF12:
 709 0056 75696E74 		.ascii	"uint8\000"
 709      3800
 710              	.LASF8:
ARM GAS  C:\Users\young\AppData\Local\Temp\cchsWuZu.s 			page 20


 711 005c 6C6F6E67 		.ascii	"long unsigned int\000"
 711      20756E73 
 711      69676E65 
 711      6420696E 
 711      7400
 712              	.LASF20:
 713 006e 63796669 		.ascii	"cyfitter_cfg\000"
 713      74746572 
 713      5F636667 
 713      00
 714              	.LASF9:
 715 007b 6C6F6E67 		.ascii	"long long unsigned int\000"
 715      206C6F6E 
 715      6720756E 
 715      7369676E 
 715      65642069 
 716              	.LASF14:
 717 0092 666C6F61 		.ascii	"float\000"
 717      7400
 718              	.LASF19:
 719 0098 53657441 		.ascii	"SetAnalogRoutingPumps\000"
 719      6E616C6F 
 719      67526F75 
 719      74696E67 
 719      50756D70 
 720              	.LASF26:
 721 00ae 43795379 		.ascii	"CySysClkWriteImoFreq\000"
 721      73436C6B 
 721      57726974 
 721      65496D6F 
 721      46726571 
 722              	.LASF23:
 723 00c3 433A5C55 		.ascii	"C:\\Users\\Public\\touch\\(NowC302)A1_Global_Multi_"
 723      73657273 
 723      5C507562 
 723      6C69635C 
 723      746F7563 
 724 00f2 43726561 		.ascii	"Creator4.1_hawkeye\\CapSense_CSD_P4_Example_WithTun"
 724      746F7234 
 724      2E315F68 
 724      61776B65 
 724      79655C43 
 725 0124 65723031 		.ascii	"er01.cydsn\000"
 725      2E637964 
 725      736E00
 726              	.LASF11:
 727 012f 63686172 		.ascii	"char\000"
 727      00
 728              	.LASF21:
 729 0134 474E5520 		.ascii	"GNU C11 5.4.1 20160609 (release) [ARM/embedded-5-br"
 729      43313120 
 729      352E342E 
 729      31203230 
 729      31363036 
 730 0167 616E6368 		.ascii	"anch revision 237715] -mcpu=cortex-m0 -mthumb -g -O"
 730      20726576 
 730      6973696F 
ARM GAS  C:\Users\young\AppData\Local\Temp\cchsWuZu.s 			page 21


 730      6E203233 
 730      37373135 
 731 019a 33202D66 		.ascii	"3 -ffunction-sections -ffat-lto-objects\000"
 731      66756E63 
 731      74696F6E 
 731      2D736563 
 731      74696F6E 
 732              	.LASF7:
 733 01c2 6C6F6E67 		.ascii	"long int\000"
 733      20696E74 
 733      00
 734              	.LASF17:
 735 01cb 416E616C 		.ascii	"AnalogSetDefault\000"
 735      6F675365 
 735      74446566 
 735      61756C74 
 735      00
 736              	.LASF18:
 737 01dc 436C6F63 		.ascii	"ClockSetup\000"
 737      6B536574 
 737      757000
 738              	.LASF15:
 739 01e7 646F7562 		.ascii	"double\000"
 739      6C6500
 740              	.LASF16:
 741 01ee 72656733 		.ascii	"reg32\000"
 741      3200
 742              	.LASF6:
 743 01f4 73686F72 		.ascii	"short unsigned int\000"
 743      7420756E 
 743      7369676E 
 743      65642069 
 743      6E7400
 744              	.LASF3:
 745 0207 7369676E 		.ascii	"signed char\000"
 745      65642063 
 745      68617200 
 746              	.LASF2:
 747 0213 6C6F6E67 		.ascii	"long double\000"
 747      20646F75 
 747      626C6500 
 748              	.LASF24:
 749 021f 656E6162 		.ascii	"enabled\000"
 749      6C656400 
 750              	.LASF25:
 751 0227 72656756 		.ascii	"regValue\000"
 751      616C7565 
 751      00
 752              	.LASF5:
 753 0230 73686F72 		.ascii	"short int\000"
 753      7420696E 
 753      7400
 754              	.LASF10:
 755 023a 73697A65 		.ascii	"sizetype\000"
 755      74797065 
 755      00
 756              		.ident	"GCC: (GNU Tools for ARM Embedded Processors) 5.4.1 20160609 (release) [ARM/embedded-5-bran
ARM GAS  C:\Users\young\AppData\Local\Temp\cchsWuZu.s 			page 22


